0
vshuf-v8qi.c:1:1 keyword typedef
vshuf-v8qi.c:1:9 keyword unsigned
vshuf-v8qi.c:1:18 keyword char
vshuf-v8qi.c:1:23 identifier V
vshuf-v8qi.c:1:25 identifier __attribute__
vshuf-v8qi.c:1:38 punctuator (
vshuf-v8qi.c:1:39 punctuator (
vshuf-v8qi.c:1:40 identifier vector_size
vshuf-v8qi.c:1:51 punctuator (
vshuf-v8qi.c:1:52 constant 8
vshuf-v8qi.c:1:53 punctuator )
vshuf-v8qi.c:1:54 punctuator )
vshuf-v8qi.c:1:55 punctuator )
vshuf-v8qi.c:1:56 punctuator ;
vshuf-v8qi.c:2:1 keyword typedef
vshuf-v8qi.c:2:9 identifier V
vshuf-v8qi.c:2:11 identifier VI
vshuf-v8qi.c:2:13 punctuator ;
vshuf-v8qi.c:7:1 keyword struct
vshuf-v8qi.c:7:8 identifier S
vshuf-v8qi.c:8:1 punctuator {
vshuf-v8qi.c:9:3 identifier V
vshuf-v8qi.c:9:5 identifier in
vshuf-v8qi.c:9:7 punctuator ;
vshuf-v8qi.c:10:3 identifier VI
vshuf-v8qi.c:10:6 identifier mask
vshuf-v8qi.c:10:10 punctuator ;
vshuf-v8qi.c:11:3 identifier V
vshuf-v8qi.c:11:5 identifier out
vshuf-v8qi.c:11:8 punctuator ;
vshuf-v8qi.c:12:1 punctuator }
vshuf-v8qi.c:12:2 punctuator ;
vshuf-v8qi.c:14:1 keyword struct
vshuf-v8qi.c:14:8 identifier S
vshuf-v8qi.c:14:10 identifier tests
vshuf-v8qi.c:14:15 punctuator [
vshuf-v8qi.c:14:16 punctuator ]
vshuf-v8qi.c:14:18 punctuator =
vshuf-v8qi.c:14:20 punctuator {
vshuf-v8qi.c:15:3 punctuator {
vshuf-v8qi.c:16:5 punctuator {
vshuf-v8qi.c:16:7 constant 0x11
vshuf-v8qi.c:16:11 punctuator ,
vshuf-v8qi.c:16:13 constant 0x12
vshuf-v8qi.c:16:17 punctuator ,
vshuf-v8qi.c:16:19 constant 0x13
vshuf-v8qi.c:16:23 punctuator ,
vshuf-v8qi.c:16:25 constant 0x14
vshuf-v8qi.c:16:29 punctuator ,
vshuf-v8qi.c:16:31 constant 0x15
vshuf-v8qi.c:16:35 punctuator ,
vshuf-v8qi.c:16:37 constant 0x16
vshuf-v8qi.c:16:41 punctuator ,
vshuf-v8qi.c:16:43 constant 0x17
vshuf-v8qi.c:16:47 punctuator ,
vshuf-v8qi.c:16:49 constant 0x18
vshuf-v8qi.c:16:54 punctuator }
vshuf-v8qi.c:16:55 punctuator ,
vshuf-v8qi.c:17:5 punctuator {
vshuf-v8qi.c:17:7 constant 0
vshuf-v8qi.c:17:8 punctuator ,
vshuf-v8qi.c:17:10 constant 1
vshuf-v8qi.c:17:11 punctuator ,
vshuf-v8qi.c:17:13 constant 2
vshuf-v8qi.c:17:14 punctuator ,
vshuf-v8qi.c:17:16 constant 3
vshuf-v8qi.c:17:17 punctuator ,
vshuf-v8qi.c:17:19 constant 4
vshuf-v8qi.c:17:20 punctuator ,
vshuf-v8qi.c:17:22 constant 5
vshuf-v8qi.c:17:23 punctuator ,
vshuf-v8qi.c:17:25 constant 6
vshuf-v8qi.c:17:26 punctuator ,
vshuf-v8qi.c:17:28 constant 7
vshuf-v8qi.c:17:30 punctuator }
vshuf-v8qi.c:17:31 punctuator ,
vshuf-v8qi.c:18:5 punctuator {
vshuf-v8qi.c:18:7 constant 0x11
vshuf-v8qi.c:18:11 punctuator ,
vshuf-v8qi.c:18:13 constant 0x12
vshuf-v8qi.c:18:17 punctuator ,
vshuf-v8qi.c:18:19 constant 0x13
vshuf-v8qi.c:18:23 punctuator ,
vshuf-v8qi.c:18:25 constant 0x14
vshuf-v8qi.c:18:29 punctuator ,
vshuf-v8qi.c:18:31 constant 0x15
vshuf-v8qi.c:18:35 punctuator ,
vshuf-v8qi.c:18:37 constant 0x16
vshuf-v8qi.c:18:41 punctuator ,
vshuf-v8qi.c:18:43 constant 0x17
vshuf-v8qi.c:18:47 punctuator ,
vshuf-v8qi.c:18:49 constant 0x18
vshuf-v8qi.c:18:54 punctuator }
vshuf-v8qi.c:18:55 punctuator ,
vshuf-v8qi.c:19:3 punctuator }
vshuf-v8qi.c:19:4 punctuator ,
vshuf-v8qi.c:20:3 punctuator {
vshuf-v8qi.c:21:5 punctuator {
vshuf-v8qi.c:21:7 constant 0x11
vshuf-v8qi.c:21:11 punctuator ,
vshuf-v8qi.c:21:13 constant 0x12
vshuf-v8qi.c:21:17 punctuator ,
vshuf-v8qi.c:21:19 constant 0x13
vshuf-v8qi.c:21:23 punctuator ,
vshuf-v8qi.c:21:25 constant 0x14
vshuf-v8qi.c:21:29 punctuator ,
vshuf-v8qi.c:21:31 constant 0x15
vshuf-v8qi.c:21:35 punctuator ,
vshuf-v8qi.c:21:37 constant 0x16
vshuf-v8qi.c:21:41 punctuator ,
vshuf-v8qi.c:21:43 constant 0x17
vshuf-v8qi.c:21:47 punctuator ,
vshuf-v8qi.c:21:49 constant 0x18
vshuf-v8qi.c:21:54 punctuator }
vshuf-v8qi.c:21:55 punctuator ,
vshuf-v8qi.c:22:5 punctuator {
vshuf-v8qi.c:22:7 constant 0x10
vshuf-v8qi.c:22:11 punctuator ,
vshuf-v8qi.c:22:13 constant 0x21
vshuf-v8qi.c:22:17 punctuator ,
vshuf-v8qi.c:22:19 constant 0x32
vshuf-v8qi.c:22:23 punctuator ,
vshuf-v8qi.c:22:25 constant 0x43
vshuf-v8qi.c:22:29 punctuator ,
vshuf-v8qi.c:22:31 constant 0x54
vshuf-v8qi.c:22:35 punctuator ,
vshuf-v8qi.c:22:37 constant 0x65
vshuf-v8qi.c:22:41 punctuator ,
vshuf-v8qi.c:22:43 constant 0x76
vshuf-v8qi.c:22:47 punctuator ,
vshuf-v8qi.c:22:49 constant 0x87
vshuf-v8qi.c:22:54 punctuator }
vshuf-v8qi.c:22:55 punctuator ,
vshuf-v8qi.c:23:5 punctuator {
vshuf-v8qi.c:23:7 constant 0x11
vshuf-v8qi.c:23:11 punctuator ,
vshuf-v8qi.c:23:13 constant 0x12
vshuf-v8qi.c:23:17 punctuator ,
vshuf-v8qi.c:23:19 constant 0x13
vshuf-v8qi.c:23:23 punctuator ,
vshuf-v8qi.c:23:25 constant 0x14
vshuf-v8qi.c:23:29 punctuator ,
vshuf-v8qi.c:23:31 constant 0x15
vshuf-v8qi.c:23:35 punctuator ,
vshuf-v8qi.c:23:37 constant 0x16
vshuf-v8qi.c:23:41 punctuator ,
vshuf-v8qi.c:23:43 constant 0x17
vshuf-v8qi.c:23:47 punctuator ,
vshuf-v8qi.c:23:49 constant 0x18
vshuf-v8qi.c:23:54 punctuator }
vshuf-v8qi.c:23:55 punctuator ,
vshuf-v8qi.c:24:3 punctuator }
vshuf-v8qi.c:24:4 punctuator ,
vshuf-v8qi.c:25:3 punctuator {
vshuf-v8qi.c:26:5 punctuator {
vshuf-v8qi.c:26:7 constant 0x11
vshuf-v8qi.c:26:11 punctuator ,
vshuf-v8qi.c:26:13 constant 0x12
vshuf-v8qi.c:26:17 punctuator ,
vshuf-v8qi.c:26:19 constant 0x13
vshuf-v8qi.c:26:23 punctuator ,
vshuf-v8qi.c:26:25 constant 0x14
vshuf-v8qi.c:26:29 punctuator ,
vshuf-v8qi.c:26:31 constant 0x15
vshuf-v8qi.c:26:35 punctuator ,
vshuf-v8qi.c:26:37 constant 0x16
vshuf-v8qi.c:26:41 punctuator ,
vshuf-v8qi.c:26:43 constant 0x17
vshuf-v8qi.c:26:47 punctuator ,
vshuf-v8qi.c:26:49 constant 0x18
vshuf-v8qi.c:26:54 punctuator }
vshuf-v8qi.c:26:55 punctuator ,
vshuf-v8qi.c:27:5 punctuator {
vshuf-v8qi.c:27:7 constant 7
vshuf-v8qi.c:27:8 punctuator ,
vshuf-v8qi.c:27:10 constant 6
vshuf-v8qi.c:27:11 punctuator ,
vshuf-v8qi.c:27:13 constant 5
vshuf-v8qi.c:27:14 punctuator ,
vshuf-v8qi.c:27:16 constant 4
vshuf-v8qi.c:27:17 punctuator ,
vshuf-v8qi.c:27:19 constant 3
vshuf-v8qi.c:27:20 punctuator ,
vshuf-v8qi.c:27:22 constant 2
vshuf-v8qi.c:27:23 punctuator ,
vshuf-v8qi.c:27:25 constant 1
vshuf-v8qi.c:27:26 punctuator ,
vshuf-v8qi.c:27:28 constant 0
vshuf-v8qi.c:27:30 punctuator }
vshuf-v8qi.c:27:31 punctuator ,
vshuf-v8qi.c:28:5 punctuator {
vshuf-v8qi.c:28:7 constant 0x18
vshuf-v8qi.c:28:11 punctuator ,
vshuf-v8qi.c:28:13 constant 0x17
vshuf-v8qi.c:28:17 punctuator ,
vshuf-v8qi.c:28:19 constant 0x16
vshuf-v8qi.c:28:23 punctuator ,
vshuf-v8qi.c:28:25 constant 0x15
vshuf-v8qi.c:28:29 punctuator ,
vshuf-v8qi.c:28:31 constant 0x14
vshuf-v8qi.c:28:35 punctuator ,
vshuf-v8qi.c:28:37 constant 0x13
vshuf-v8qi.c:28:41 punctuator ,
vshuf-v8qi.c:28:43 constant 0x12
vshuf-v8qi.c:28:47 punctuator ,
vshuf-v8qi.c:28:49 constant 0x11
vshuf-v8qi.c:28:54 punctuator }
vshuf-v8qi.c:28:55 punctuator ,
vshuf-v8qi.c:29:3 punctuator }
vshuf-v8qi.c:29:4 punctuator ,
vshuf-v8qi.c:30:3 punctuator {
vshuf-v8qi.c:31:5 punctuator {
vshuf-v8qi.c:31:7 constant 0x11
vshuf-v8qi.c:31:11 punctuator ,
vshuf-v8qi.c:31:13 constant 0x12
vshuf-v8qi.c:31:17 punctuator ,
vshuf-v8qi.c:31:19 constant 0x13
vshuf-v8qi.c:31:23 punctuator ,
vshuf-v8qi.c:31:25 constant 0x14
vshuf-v8qi.c:31:29 punctuator ,
vshuf-v8qi.c:31:31 constant 0x15
vshuf-v8qi.c:31:35 punctuator ,
vshuf-v8qi.c:31:37 constant 0x16
vshuf-v8qi.c:31:41 punctuator ,
vshuf-v8qi.c:31:43 constant 0x17
vshuf-v8qi.c:31:47 punctuator ,
vshuf-v8qi.c:31:49 constant 0x18
vshuf-v8qi.c:31:54 punctuator }
vshuf-v8qi.c:31:55 punctuator ,
vshuf-v8qi.c:32:5 punctuator {
vshuf-v8qi.c:32:7 constant 7
vshuf-v8qi.c:32:8 punctuator ,
vshuf-v8qi.c:32:10 constant 0
vshuf-v8qi.c:32:11 punctuator ,
vshuf-v8qi.c:32:13 constant 5
vshuf-v8qi.c:32:14 punctuator ,
vshuf-v8qi.c:32:16 constant 3
vshuf-v8qi.c:32:17 punctuator ,
vshuf-v8qi.c:32:19 constant 2
vshuf-v8qi.c:32:20 punctuator ,
vshuf-v8qi.c:32:22 constant 4
vshuf-v8qi.c:32:23 punctuator ,
vshuf-v8qi.c:32:25 constant 1
vshuf-v8qi.c:32:26 punctuator ,
vshuf-v8qi.c:32:28 constant 6
vshuf-v8qi.c:32:30 punctuator }
vshuf-v8qi.c:32:31 punctuator ,
vshuf-v8qi.c:33:5 punctuator {
vshuf-v8qi.c:33:7 constant 0x18
vshuf-v8qi.c:33:11 punctuator ,
vshuf-v8qi.c:33:13 constant 0x11
vshuf-v8qi.c:33:17 punctuator ,
vshuf-v8qi.c:33:19 constant 0x16
vshuf-v8qi.c:33:23 punctuator ,
vshuf-v8qi.c:33:25 constant 0x14
vshuf-v8qi.c:33:29 punctuator ,
vshuf-v8qi.c:33:31 constant 0x13
vshuf-v8qi.c:33:35 punctuator ,
vshuf-v8qi.c:33:37 constant 0x15
vshuf-v8qi.c:33:41 punctuator ,
vshuf-v8qi.c:33:43 constant 0x12
vshuf-v8qi.c:33:47 punctuator ,
vshuf-v8qi.c:33:49 constant 0x17
vshuf-v8qi.c:33:54 punctuator }
vshuf-v8qi.c:33:55 punctuator ,
vshuf-v8qi.c:34:3 punctuator }
vshuf-v8qi.c:34:4 punctuator ,
vshuf-v8qi.c:35:3 punctuator {
vshuf-v8qi.c:36:5 punctuator {
vshuf-v8qi.c:36:7 constant 0x11
vshuf-v8qi.c:36:11 punctuator ,
vshuf-v8qi.c:36:13 constant 0x12
vshuf-v8qi.c:36:17 punctuator ,
vshuf-v8qi.c:36:19 constant 0x13
vshuf-v8qi.c:36:23 punctuator ,
vshuf-v8qi.c:36:25 constant 0x14
vshuf-v8qi.c:36:29 punctuator ,
vshuf-v8qi.c:36:31 constant 0x15
vshuf-v8qi.c:36:35 punctuator ,
vshuf-v8qi.c:36:37 constant 0x16
vshuf-v8qi.c:36:41 punctuator ,
vshuf-v8qi.c:36:43 constant 0x17
vshuf-v8qi.c:36:47 punctuator ,
vshuf-v8qi.c:36:49 constant 0x18
vshuf-v8qi.c:36:54 punctuator }
vshuf-v8qi.c:36:55 punctuator ,
vshuf-v8qi.c:37:5 punctuator {
vshuf-v8qi.c:37:7 constant 0
vshuf-v8qi.c:37:8 punctuator ,
vshuf-v8qi.c:37:10 constant 2
vshuf-v8qi.c:37:11 punctuator ,
vshuf-v8qi.c:37:13 constant 1
vshuf-v8qi.c:37:14 punctuator ,
vshuf-v8qi.c:37:16 constant 3
vshuf-v8qi.c:37:17 punctuator ,
vshuf-v8qi.c:37:19 constant 4
vshuf-v8qi.c:37:20 punctuator ,
vshuf-v8qi.c:37:22 constant 6
vshuf-v8qi.c:37:23 punctuator ,
vshuf-v8qi.c:37:25 constant 5
vshuf-v8qi.c:37:26 punctuator ,
vshuf-v8qi.c:37:28 constant 7
vshuf-v8qi.c:37:30 punctuator }
vshuf-v8qi.c:37:31 punctuator ,
vshuf-v8qi.c:38:5 punctuator {
vshuf-v8qi.c:38:7 constant 0x11
vshuf-v8qi.c:38:11 punctuator ,
vshuf-v8qi.c:38:13 constant 0x13
vshuf-v8qi.c:38:17 punctuator ,
vshuf-v8qi.c:38:19 constant 0x12
vshuf-v8qi.c:38:23 punctuator ,
vshuf-v8qi.c:38:25 constant 0x14
vshuf-v8qi.c:38:29 punctuator ,
vshuf-v8qi.c:38:31 constant 0x15
vshuf-v8qi.c:38:35 punctuator ,
vshuf-v8qi.c:38:37 constant 0x17
vshuf-v8qi.c:38:41 punctuator ,
vshuf-v8qi.c:38:43 constant 0x16
vshuf-v8qi.c:38:47 punctuator ,
vshuf-v8qi.c:38:49 constant 0x18
vshuf-v8qi.c:38:54 punctuator }
vshuf-v8qi.c:38:55 punctuator ,
vshuf-v8qi.c:39:3 punctuator }
vshuf-v8qi.c:39:4 punctuator ,
vshuf-v8qi.c:40:3 punctuator {
vshuf-v8qi.c:41:5 punctuator {
vshuf-v8qi.c:41:7 constant 0xf1
vshuf-v8qi.c:41:11 punctuator ,
vshuf-v8qi.c:41:13 constant 0xf2
vshuf-v8qi.c:41:17 punctuator ,
vshuf-v8qi.c:41:19 constant 0xf3
vshuf-v8qi.c:41:23 punctuator ,
vshuf-v8qi.c:41:25 constant 0xf4
vshuf-v8qi.c:41:29 punctuator ,
vshuf-v8qi.c:41:31 constant 0xf5
vshuf-v8qi.c:41:35 punctuator ,
vshuf-v8qi.c:41:37 constant 0xf6
vshuf-v8qi.c:41:41 punctuator ,
vshuf-v8qi.c:41:43 constant 0xf7
vshuf-v8qi.c:41:47 punctuator ,
vshuf-v8qi.c:41:49 constant 0xf8
vshuf-v8qi.c:41:54 punctuator }
vshuf-v8qi.c:41:55 punctuator ,
vshuf-v8qi.c:42:5 punctuator {
vshuf-v8qi.c:42:7 constant 3
vshuf-v8qi.c:42:8 punctuator ,
vshuf-v8qi.c:42:10 constant 1
vshuf-v8qi.c:42:11 punctuator ,
vshuf-v8qi.c:42:13 constant 2
vshuf-v8qi.c:42:14 punctuator ,
vshuf-v8qi.c:42:16 constant 0
vshuf-v8qi.c:42:17 punctuator ,
vshuf-v8qi.c:42:19 constant 7
vshuf-v8qi.c:42:20 punctuator ,
vshuf-v8qi.c:42:22 constant 5
vshuf-v8qi.c:42:23 punctuator ,
vshuf-v8qi.c:42:25 constant 6
vshuf-v8qi.c:42:26 punctuator ,
vshuf-v8qi.c:42:28 constant 4
vshuf-v8qi.c:42:30 punctuator }
vshuf-v8qi.c:42:31 punctuator ,
vshuf-v8qi.c:43:5 punctuator {
vshuf-v8qi.c:43:7 constant 0xf4
vshuf-v8qi.c:43:11 punctuator ,
vshuf-v8qi.c:43:13 constant 0xf2
vshuf-v8qi.c:43:17 punctuator ,
vshuf-v8qi.c:43:19 constant 0xf3
vshuf-v8qi.c:43:23 punctuator ,
vshuf-v8qi.c:43:25 constant 0xf1
vshuf-v8qi.c:43:29 punctuator ,
vshuf-v8qi.c:43:31 constant 0xf8
vshuf-v8qi.c:43:35 punctuator ,
vshuf-v8qi.c:43:37 constant 0xf6
vshuf-v8qi.c:43:41 punctuator ,
vshuf-v8qi.c:43:43 constant 0xf7
vshuf-v8qi.c:43:47 punctuator ,
vshuf-v8qi.c:43:49 constant 0xf5
vshuf-v8qi.c:43:54 punctuator }
vshuf-v8qi.c:43:55 punctuator ,
vshuf-v8qi.c:44:3 punctuator }
vshuf-v8qi.c:44:4 punctuator ,
vshuf-v8qi.c:45:3 punctuator {
vshuf-v8qi.c:46:5 punctuator {
vshuf-v8qi.c:46:7 constant 0xf1
vshuf-v8qi.c:46:11 punctuator ,
vshuf-v8qi.c:46:13 constant 0xf2
vshuf-v8qi.c:46:17 punctuator ,
vshuf-v8qi.c:46:19 constant 0xf3
vshuf-v8qi.c:46:23 punctuator ,
vshuf-v8qi.c:46:25 constant 0xf4
vshuf-v8qi.c:46:29 punctuator ,
vshuf-v8qi.c:46:31 constant 0xf5
vshuf-v8qi.c:46:35 punctuator ,
vshuf-v8qi.c:46:37 constant 0xf6
vshuf-v8qi.c:46:41 punctuator ,
vshuf-v8qi.c:46:43 constant 0xf7
vshuf-v8qi.c:46:47 punctuator ,
vshuf-v8qi.c:46:49 constant 0xf8
vshuf-v8qi.c:46:54 punctuator }
vshuf-v8qi.c:46:55 punctuator ,
vshuf-v8qi.c:47:5 punctuator {
vshuf-v8qi.c:47:7 constant 0
vshuf-v8qi.c:47:8 punctuator ,
vshuf-v8qi.c:47:10 constant 0
vshuf-v8qi.c:47:11 punctuator ,
vshuf-v8qi.c:47:13 constant 0
vshuf-v8qi.c:47:14 punctuator ,
vshuf-v8qi.c:47:16 constant 0
vshuf-v8qi.c:47:18 punctuator }
vshuf-v8qi.c:47:19 punctuator ,
vshuf-v8qi.c:48:5 punctuator {
vshuf-v8qi.c:48:7 constant 0xf1
vshuf-v8qi.c:48:11 punctuator ,
vshuf-v8qi.c:48:13 constant 0xf1
vshuf-v8qi.c:48:17 punctuator ,
vshuf-v8qi.c:48:19 constant 0xf1
vshuf-v8qi.c:48:23 punctuator ,
vshuf-v8qi.c:48:25 constant 0xf1
vshuf-v8qi.c:48:29 punctuator ,
vshuf-v8qi.c:48:31 constant 0xf1
vshuf-v8qi.c:48:35 punctuator ,
vshuf-v8qi.c:48:37 constant 0xf1
vshuf-v8qi.c:48:41 punctuator ,
vshuf-v8qi.c:48:43 constant 0xf1
vshuf-v8qi.c:48:47 punctuator ,
vshuf-v8qi.c:48:49 constant 0xf1
vshuf-v8qi.c:48:54 punctuator }
vshuf-v8qi.c:48:55 punctuator ,
vshuf-v8qi.c:49:3 punctuator }
vshuf-v8qi.c:49:4 punctuator ,
vshuf-v8qi.c:50:3 punctuator {
vshuf-v8qi.c:51:5 punctuator {
vshuf-v8qi.c:51:7 constant 0xf1
vshuf-v8qi.c:51:11 punctuator ,
vshuf-v8qi.c:51:13 constant 0xf2
vshuf-v8qi.c:51:17 punctuator ,
vshuf-v8qi.c:51:19 constant 0xf3
vshuf-v8qi.c:51:23 punctuator ,
vshuf-v8qi.c:51:25 constant 0xf4
vshuf-v8qi.c:51:29 punctuator ,
vshuf-v8qi.c:51:31 constant 0xf5
vshuf-v8qi.c:51:35 punctuator ,
vshuf-v8qi.c:51:37 constant 0xf6
vshuf-v8qi.c:51:41 punctuator ,
vshuf-v8qi.c:51:43 constant 0xf7
vshuf-v8qi.c:51:47 punctuator ,
vshuf-v8qi.c:51:49 constant 0xf8
vshuf-v8qi.c:51:54 punctuator }
vshuf-v8qi.c:51:55 punctuator ,
vshuf-v8qi.c:52:5 punctuator {
vshuf-v8qi.c:52:7 constant 1
vshuf-v8qi.c:52:8 punctuator ,
vshuf-v8qi.c:52:10 constant 6
vshuf-v8qi.c:52:11 punctuator ,
vshuf-v8qi.c:52:13 constant 1
vshuf-v8qi.c:52:14 punctuator ,
vshuf-v8qi.c:52:16 constant 6
vshuf-v8qi.c:52:17 punctuator ,
vshuf-v8qi.c:52:19 constant 1
vshuf-v8qi.c:52:20 punctuator ,
vshuf-v8qi.c:52:22 constant 6
vshuf-v8qi.c:52:23 punctuator ,
vshuf-v8qi.c:52:25 constant 1
vshuf-v8qi.c:52:26 punctuator ,
vshuf-v8qi.c:52:28 constant 6
vshuf-v8qi.c:52:30 punctuator }
vshuf-v8qi.c:52:31 punctuator ,
vshuf-v8qi.c:53:5 punctuator {
vshuf-v8qi.c:53:7 constant 0xf2
vshuf-v8qi.c:53:11 punctuator ,
vshuf-v8qi.c:53:13 constant 0xf7
vshuf-v8qi.c:53:17 punctuator ,
vshuf-v8qi.c:53:19 constant 0xf2
vshuf-v8qi.c:53:23 punctuator ,
vshuf-v8qi.c:53:25 constant 0xf7
vshuf-v8qi.c:53:29 punctuator ,
vshuf-v8qi.c:53:31 constant 0xf2
vshuf-v8qi.c:53:35 punctuator ,
vshuf-v8qi.c:53:37 constant 0xf7
vshuf-v8qi.c:53:41 punctuator ,
vshuf-v8qi.c:53:43 constant 0xf2
vshuf-v8qi.c:53:47 punctuator ,
vshuf-v8qi.c:53:49 constant 0xf7
vshuf-v8qi.c:53:54 punctuator }
vshuf-v8qi.c:53:55 punctuator ,
vshuf-v8qi.c:54:3 punctuator }
vshuf-v8qi.c:55:1 punctuator }
vshuf-v8qi.c:55:2 punctuator ;
vshuf-v8qi.c:57:1 keyword struct
vshuf-v8qi.c:57:8 identifier S2
vshuf-v8qi.c:58:1 punctuator {
vshuf-v8qi.c:59:3 identifier V
vshuf-v8qi.c:59:5 identifier in1
vshuf-v8qi.c:59:8 punctuator ,
vshuf-v8qi.c:59:10 identifier in2
vshuf-v8qi.c:59:13 punctuator ;
vshuf-v8qi.c:60:3 identifier VI
vshuf-v8qi.c:60:6 identifier mask
vshuf-v8qi.c:60:10 punctuator ;
vshuf-v8qi.c:61:3 identifier V
vshuf-v8qi.c:61:5 identifier out
vshuf-v8qi.c:61:8 punctuator ;
vshuf-v8qi.c:62:1 punctuator }
vshuf-v8qi.c:62:2 punctuator ;
vshuf-v8qi.c:64:1 keyword struct
vshuf-v8qi.c:64:8 identifier S2
vshuf-v8qi.c:64:11 identifier tests2
vshuf-v8qi.c:64:17 punctuator [
vshuf-v8qi.c:64:18 punctuator ]
vshuf-v8qi.c:64:20 punctuator =
vshuf-v8qi.c:64:22 punctuator {
vshuf-v8qi.c:65:3 punctuator {
vshuf-v8qi.c:66:5 punctuator {
vshuf-v8qi.c:66:7 constant 0x11
vshuf-v8qi.c:66:11 punctuator ,
vshuf-v8qi.c:66:13 constant 0x12
vshuf-v8qi.c:66:17 punctuator ,
vshuf-v8qi.c:66:19 constant 0x13
vshuf-v8qi.c:66:23 punctuator ,
vshuf-v8qi.c:66:25 constant 0x14
vshuf-v8qi.c:66:29 punctuator ,
vshuf-v8qi.c:66:31 constant 0x15
vshuf-v8qi.c:66:35 punctuator ,
vshuf-v8qi.c:66:37 constant 0x16
vshuf-v8qi.c:66:41 punctuator ,
vshuf-v8qi.c:66:43 constant 0x17
vshuf-v8qi.c:66:47 punctuator ,
vshuf-v8qi.c:66:49 constant 0x18
vshuf-v8qi.c:66:54 punctuator }
vshuf-v8qi.c:66:55 punctuator ,
vshuf-v8qi.c:67:5 punctuator {
vshuf-v8qi.c:67:7 constant 0xf1
vshuf-v8qi.c:67:11 punctuator ,
vshuf-v8qi.c:67:13 constant 0xf2
vshuf-v8qi.c:67:17 punctuator ,
vshuf-v8qi.c:67:19 constant 0xf3
vshuf-v8qi.c:67:23 punctuator ,
vshuf-v8qi.c:67:25 constant 0xf4
vshuf-v8qi.c:67:29 punctuator ,
vshuf-v8qi.c:67:31 constant 0xf5
vshuf-v8qi.c:67:35 punctuator ,
vshuf-v8qi.c:67:37 constant 0xf6
vshuf-v8qi.c:67:41 punctuator ,
vshuf-v8qi.c:67:43 constant 0xf7
vshuf-v8qi.c:67:47 punctuator ,
vshuf-v8qi.c:67:49 constant 0xf8
vshuf-v8qi.c:67:54 punctuator }
vshuf-v8qi.c:67:55 punctuator ,
vshuf-v8qi.c:68:5 punctuator {
vshuf-v8qi.c:68:7 constant 0
vshuf-v8qi.c:68:8 punctuator ,
vshuf-v8qi.c:68:10 constant 1
vshuf-v8qi.c:68:11 punctuator ,
vshuf-v8qi.c:68:13 constant 2
vshuf-v8qi.c:68:14 punctuator ,
vshuf-v8qi.c:68:16 constant 3
vshuf-v8qi.c:68:17 punctuator ,
vshuf-v8qi.c:68:19 constant 4
vshuf-v8qi.c:68:20 punctuator ,
vshuf-v8qi.c:68:22 constant 5
vshuf-v8qi.c:68:23 punctuator ,
vshuf-v8qi.c:68:25 constant 6
vshuf-v8qi.c:68:26 punctuator ,
vshuf-v8qi.c:68:28 constant 7
vshuf-v8qi.c:68:30 punctuator }
vshuf-v8qi.c:68:31 punctuator ,
vshuf-v8qi.c:69:5 punctuator {
vshuf-v8qi.c:69:7 constant 0x11
vshuf-v8qi.c:69:11 punctuator ,
vshuf-v8qi.c:69:13 constant 0x12
vshuf-v8qi.c:69:17 punctuator ,
vshuf-v8qi.c:69:19 constant 0x13
vshuf-v8qi.c:69:23 punctuator ,
vshuf-v8qi.c:69:25 constant 0x14
vshuf-v8qi.c:69:29 punctuator ,
vshuf-v8qi.c:69:31 constant 0x15
vshuf-v8qi.c:69:35 punctuator ,
vshuf-v8qi.c:69:37 constant 0x16
vshuf-v8qi.c:69:41 punctuator ,
vshuf-v8qi.c:69:43 constant 0x17
vshuf-v8qi.c:69:47 punctuator ,
vshuf-v8qi.c:69:49 constant 0x18
vshuf-v8qi.c:69:54 punctuator }
vshuf-v8qi.c:69:55 punctuator ,
vshuf-v8qi.c:70:3 punctuator }
vshuf-v8qi.c:70:4 punctuator ,
vshuf-v8qi.c:71:3 punctuator {
vshuf-v8qi.c:72:5 punctuator {
vshuf-v8qi.c:72:7 constant 0x11
vshuf-v8qi.c:72:11 punctuator ,
vshuf-v8qi.c:72:13 constant 0x12
vshuf-v8qi.c:72:17 punctuator ,
vshuf-v8qi.c:72:19 constant 0x13
vshuf-v8qi.c:72:23 punctuator ,
vshuf-v8qi.c:72:25 constant 0x14
vshuf-v8qi.c:72:29 punctuator ,
vshuf-v8qi.c:72:31 constant 0x15
vshuf-v8qi.c:72:35 punctuator ,
vshuf-v8qi.c:72:37 constant 0x16
vshuf-v8qi.c:72:41 punctuator ,
vshuf-v8qi.c:72:43 constant 0x17
vshuf-v8qi.c:72:47 punctuator ,
vshuf-v8qi.c:72:49 constant 0x18
vshuf-v8qi.c:72:54 punctuator }
vshuf-v8qi.c:72:55 punctuator ,
vshuf-v8qi.c:73:5 punctuator {
vshuf-v8qi.c:73:7 constant 0xf1
vshuf-v8qi.c:73:11 punctuator ,
vshuf-v8qi.c:73:13 constant 0xf2
vshuf-v8qi.c:73:17 punctuator ,
vshuf-v8qi.c:73:19 constant 0xf3
vshuf-v8qi.c:73:23 punctuator ,
vshuf-v8qi.c:73:25 constant 0xf4
vshuf-v8qi.c:73:29 punctuator ,
vshuf-v8qi.c:73:31 constant 0xf5
vshuf-v8qi.c:73:35 punctuator ,
vshuf-v8qi.c:73:37 constant 0xf6
vshuf-v8qi.c:73:41 punctuator ,
vshuf-v8qi.c:73:43 constant 0xf7
vshuf-v8qi.c:73:47 punctuator ,
vshuf-v8qi.c:73:49 constant 0xf8
vshuf-v8qi.c:73:54 punctuator }
vshuf-v8qi.c:73:55 punctuator ,
vshuf-v8qi.c:74:5 punctuator {
vshuf-v8qi.c:74:7 constant 8
vshuf-v8qi.c:74:8 punctuator ,
vshuf-v8qi.c:74:10 constant 9
vshuf-v8qi.c:74:11 punctuator ,
vshuf-v8qi.c:74:13 constant 10
vshuf-v8qi.c:74:15 punctuator ,
vshuf-v8qi.c:74:17 constant 11
vshuf-v8qi.c:74:19 punctuator ,
vshuf-v8qi.c:74:21 constant 12
vshuf-v8qi.c:74:23 punctuator ,
vshuf-v8qi.c:74:25 constant 13
vshuf-v8qi.c:74:27 punctuator ,
vshuf-v8qi.c:74:29 constant 14
vshuf-v8qi.c:74:31 punctuator ,
vshuf-v8qi.c:74:33 constant 15
vshuf-v8qi.c:74:36 punctuator }
vshuf-v8qi.c:74:37 punctuator ,
vshuf-v8qi.c:75:5 punctuator {
vshuf-v8qi.c:75:7 constant 0xf1
vshuf-v8qi.c:75:11 punctuator ,
vshuf-v8qi.c:75:13 constant 0xf2
vshuf-v8qi.c:75:17 punctuator ,
vshuf-v8qi.c:75:19 constant 0xf3
vshuf-v8qi.c:75:23 punctuator ,
vshuf-v8qi.c:75:25 constant 0xf4
vshuf-v8qi.c:75:29 punctuator ,
vshuf-v8qi.c:75:31 constant 0xf5
vshuf-v8qi.c:75:35 punctuator ,
vshuf-v8qi.c:75:37 constant 0xf6
vshuf-v8qi.c:75:41 punctuator ,
vshuf-v8qi.c:75:43 constant 0xf7
vshuf-v8qi.c:75:47 punctuator ,
vshuf-v8qi.c:75:49 constant 0xf8
vshuf-v8qi.c:75:54 punctuator }
vshuf-v8qi.c:75:55 punctuator ,
vshuf-v8qi.c:76:3 punctuator }
vshuf-v8qi.c:76:4 punctuator ,
vshuf-v8qi.c:77:3 punctuator {
vshuf-v8qi.c:78:5 punctuator {
vshuf-v8qi.c:78:7 constant 0x11
vshuf-v8qi.c:78:11 punctuator ,
vshuf-v8qi.c:78:13 constant 0x12
vshuf-v8qi.c:78:17 punctuator ,
vshuf-v8qi.c:78:19 constant 0x13
vshuf-v8qi.c:78:23 punctuator ,
vshuf-v8qi.c:78:25 constant 0x14
vshuf-v8qi.c:78:29 punctuator ,
vshuf-v8qi.c:78:31 constant 0x15
vshuf-v8qi.c:78:35 punctuator ,
vshuf-v8qi.c:78:37 constant 0x16
vshuf-v8qi.c:78:41 punctuator ,
vshuf-v8qi.c:78:43 constant 0x17
vshuf-v8qi.c:78:47 punctuator ,
vshuf-v8qi.c:78:49 constant 0x18
vshuf-v8qi.c:78:54 punctuator }
vshuf-v8qi.c:78:55 punctuator ,
vshuf-v8qi.c:79:5 punctuator {
vshuf-v8qi.c:79:7 constant 0xf1
vshuf-v8qi.c:79:11 punctuator ,
vshuf-v8qi.c:79:13 constant 0xf2
vshuf-v8qi.c:79:17 punctuator ,
vshuf-v8qi.c:79:19 constant 0xf3
vshuf-v8qi.c:79:23 punctuator ,
vshuf-v8qi.c:79:25 constant 0xf4
vshuf-v8qi.c:79:29 punctuator ,
vshuf-v8qi.c:79:31 constant 0xf5
vshuf-v8qi.c:79:35 punctuator ,
vshuf-v8qi.c:79:37 constant 0xf6
vshuf-v8qi.c:79:41 punctuator ,
vshuf-v8qi.c:79:43 constant 0xf7
vshuf-v8qi.c:79:47 punctuator ,
vshuf-v8qi.c:79:49 constant 0xf8
vshuf-v8qi.c:79:54 punctuator }
vshuf-v8qi.c:79:55 punctuator ,
vshuf-v8qi.c:80:5 punctuator {
vshuf-v8qi.c:80:7 constant 0
vshuf-v8qi.c:80:8 punctuator ,
vshuf-v8qi.c:80:10 constant 8
vshuf-v8qi.c:80:11 punctuator ,
vshuf-v8qi.c:80:13 constant 1
vshuf-v8qi.c:80:14 punctuator ,
vshuf-v8qi.c:80:16 constant 9
vshuf-v8qi.c:80:17 punctuator ,
vshuf-v8qi.c:80:19 constant 2
vshuf-v8qi.c:80:20 punctuator ,
vshuf-v8qi.c:80:22 constant 10
vshuf-v8qi.c:80:24 punctuator ,
vshuf-v8qi.c:80:26 constant 3
vshuf-v8qi.c:80:27 punctuator ,
vshuf-v8qi.c:80:29 constant 11
vshuf-v8qi.c:80:32 punctuator }
vshuf-v8qi.c:80:33 punctuator ,
vshuf-v8qi.c:81:5 punctuator {
vshuf-v8qi.c:81:7 constant 0x11
vshuf-v8qi.c:81:11 punctuator ,
vshuf-v8qi.c:81:13 constant 0xf1
vshuf-v8qi.c:81:17 punctuator ,
vshuf-v8qi.c:81:19 constant 0x12
vshuf-v8qi.c:81:23 punctuator ,
vshuf-v8qi.c:81:25 constant 0xf2
vshuf-v8qi.c:81:29 punctuator ,
vshuf-v8qi.c:81:31 constant 0x13
vshuf-v8qi.c:81:35 punctuator ,
vshuf-v8qi.c:81:37 constant 0xf3
vshuf-v8qi.c:81:41 punctuator ,
vshuf-v8qi.c:81:43 constant 0x14
vshuf-v8qi.c:81:47 punctuator ,
vshuf-v8qi.c:81:49 constant 0xf4
vshuf-v8qi.c:81:54 punctuator }
vshuf-v8qi.c:81:55 punctuator ,
vshuf-v8qi.c:82:3 punctuator }
vshuf-v8qi.c:82:4 punctuator ,
vshuf-v8qi.c:83:3 punctuator {
vshuf-v8qi.c:84:5 punctuator {
vshuf-v8qi.c:84:7 constant 0x11
vshuf-v8qi.c:84:11 punctuator ,
vshuf-v8qi.c:84:13 constant 0x12
vshuf-v8qi.c:84:17 punctuator ,
vshuf-v8qi.c:84:19 constant 0x13
vshuf-v8qi.c:84:23 punctuator ,
vshuf-v8qi.c:84:25 constant 0x14
vshuf-v8qi.c:84:29 punctuator ,
vshuf-v8qi.c:84:31 constant 0x15
vshuf-v8qi.c:84:35 punctuator ,
vshuf-v8qi.c:84:37 constant 0x16
vshuf-v8qi.c:84:41 punctuator ,
vshuf-v8qi.c:84:43 constant 0x17
vshuf-v8qi.c:84:47 punctuator ,
vshuf-v8qi.c:84:49 constant 0x18
vshuf-v8qi.c:84:54 punctuator }
vshuf-v8qi.c:84:55 punctuator ,
vshuf-v8qi.c:85:5 punctuator {
vshuf-v8qi.c:85:7 constant 0xf1
vshuf-v8qi.c:85:11 punctuator ,
vshuf-v8qi.c:85:13 constant 0xf2
vshuf-v8qi.c:85:17 punctuator ,
vshuf-v8qi.c:85:19 constant 0xf3
vshuf-v8qi.c:85:23 punctuator ,
vshuf-v8qi.c:85:25 constant 0xf4
vshuf-v8qi.c:85:29 punctuator ,
vshuf-v8qi.c:85:31 constant 0xf5
vshuf-v8qi.c:85:35 punctuator ,
vshuf-v8qi.c:85:37 constant 0xf6
vshuf-v8qi.c:85:41 punctuator ,
vshuf-v8qi.c:85:43 constant 0xf7
vshuf-v8qi.c:85:47 punctuator ,
vshuf-v8qi.c:85:49 constant 0xf8
vshuf-v8qi.c:85:54 punctuator }
vshuf-v8qi.c:85:55 punctuator ,
vshuf-v8qi.c:86:5 punctuator {
vshuf-v8qi.c:86:7 constant 0
vshuf-v8qi.c:86:8 punctuator ,
vshuf-v8qi.c:86:10 constant 15
vshuf-v8qi.c:86:12 punctuator ,
vshuf-v8qi.c:86:14 constant 4
vshuf-v8qi.c:86:15 punctuator ,
vshuf-v8qi.c:86:17 constant 11
vshuf-v8qi.c:86:19 punctuator ,
vshuf-v8qi.c:86:21 constant 12
vshuf-v8qi.c:86:23 punctuator ,
vshuf-v8qi.c:86:25 constant 3
vshuf-v8qi.c:86:26 punctuator ,
vshuf-v8qi.c:86:28 constant 7
vshuf-v8qi.c:86:29 punctuator ,
vshuf-v8qi.c:86:31 constant 8
vshuf-v8qi.c:86:33 punctuator }
vshuf-v8qi.c:86:34 punctuator ,
vshuf-v8qi.c:87:5 punctuator {
vshuf-v8qi.c:87:7 constant 0x11
vshuf-v8qi.c:87:11 punctuator ,
vshuf-v8qi.c:87:13 constant 0xf8
vshuf-v8qi.c:87:17 punctuator ,
vshuf-v8qi.c:87:19 constant 0x15
vshuf-v8qi.c:87:23 punctuator ,
vshuf-v8qi.c:87:25 constant 0xf4
vshuf-v8qi.c:87:29 punctuator ,
vshuf-v8qi.c:87:31 constant 0xf5
vshuf-v8qi.c:87:35 punctuator ,
vshuf-v8qi.c:87:37 constant 0x14
vshuf-v8qi.c:87:41 punctuator ,
vshuf-v8qi.c:87:43 constant 0x18
vshuf-v8qi.c:87:47 punctuator ,
vshuf-v8qi.c:87:49 constant 0xf1
vshuf-v8qi.c:87:54 punctuator }
vshuf-v8qi.c:87:55 punctuator ,
vshuf-v8qi.c:88:3 punctuator }
vshuf-v8qi.c:88:4 punctuator ,
vshuf-v8qi.c:89:3 punctuator {
vshuf-v8qi.c:90:5 punctuator {
vshuf-v8qi.c:90:7 constant 0x11
vshuf-v8qi.c:90:11 punctuator ,
vshuf-v8qi.c:90:13 constant 0x12
vshuf-v8qi.c:90:17 punctuator ,
vshuf-v8qi.c:90:19 constant 0x13
vshuf-v8qi.c:90:23 punctuator ,
vshuf-v8qi.c:90:25 constant 0x14
vshuf-v8qi.c:90:29 punctuator ,
vshuf-v8qi.c:90:31 constant 0x15
vshuf-v8qi.c:90:35 punctuator ,
vshuf-v8qi.c:90:37 constant 0x16
vshuf-v8qi.c:90:41 punctuator ,
vshuf-v8qi.c:90:43 constant 0x17
vshuf-v8qi.c:90:47 punctuator ,
vshuf-v8qi.c:90:49 constant 0x18
vshuf-v8qi.c:90:54 punctuator }
vshuf-v8qi.c:90:55 punctuator ,
vshuf-v8qi.c:91:5 punctuator {
vshuf-v8qi.c:91:7 constant 0xf1
vshuf-v8qi.c:91:11 punctuator ,
vshuf-v8qi.c:91:13 constant 0xf2
vshuf-v8qi.c:91:17 punctuator ,
vshuf-v8qi.c:91:19 constant 0xf3
vshuf-v8qi.c:91:23 punctuator ,
vshuf-v8qi.c:91:25 constant 0xf4
vshuf-v8qi.c:91:29 punctuator ,
vshuf-v8qi.c:91:31 constant 0xf5
vshuf-v8qi.c:91:35 punctuator ,
vshuf-v8qi.c:91:37 constant 0xf6
vshuf-v8qi.c:91:41 punctuator ,
vshuf-v8qi.c:91:43 constant 0xf7
vshuf-v8qi.c:91:47 punctuator ,
vshuf-v8qi.c:91:49 constant 0xf8
vshuf-v8qi.c:91:54 punctuator }
vshuf-v8qi.c:91:55 punctuator ,
vshuf-v8qi.c:92:5 punctuator {
vshuf-v8qi.c:92:7 constant 0
vshuf-v8qi.c:92:8 punctuator ,
vshuf-v8qi.c:92:10 constant 0
vshuf-v8qi.c:92:11 punctuator ,
vshuf-v8qi.c:92:13 constant 0
vshuf-v8qi.c:92:14 punctuator ,
vshuf-v8qi.c:92:16 constant 0
vshuf-v8qi.c:92:17 punctuator ,
vshuf-v8qi.c:92:19 constant 0
vshuf-v8qi.c:92:20 punctuator ,
vshuf-v8qi.c:92:22 constant 0
vshuf-v8qi.c:92:23 punctuator ,
vshuf-v8qi.c:92:25 constant 0
vshuf-v8qi.c:92:26 punctuator ,
vshuf-v8qi.c:92:28 constant 0
vshuf-v8qi.c:92:30 punctuator }
vshuf-v8qi.c:92:31 punctuator ,
vshuf-v8qi.c:93:5 punctuator {
vshuf-v8qi.c:93:7 constant 0x11
vshuf-v8qi.c:93:11 punctuator ,
vshuf-v8qi.c:93:13 constant 0x11
vshuf-v8qi.c:93:17 punctuator ,
vshuf-v8qi.c:93:19 constant 0x11
vshuf-v8qi.c:93:23 punctuator ,
vshuf-v8qi.c:93:25 constant 0x11
vshuf-v8qi.c:93:29 punctuator ,
vshuf-v8qi.c:93:31 constant 0x11
vshuf-v8qi.c:93:35 punctuator ,
vshuf-v8qi.c:93:37 constant 0x11
vshuf-v8qi.c:93:41 punctuator ,
vshuf-v8qi.c:93:43 constant 0x11
vshuf-v8qi.c:93:47 punctuator ,
vshuf-v8qi.c:93:49 constant 0x11
vshuf-v8qi.c:93:54 punctuator }
vshuf-v8qi.c:93:55 punctuator ,
vshuf-v8qi.c:94:3 punctuator }
vshuf-v8qi.c:94:4 punctuator ,
vshuf-v8qi.c:95:3 punctuator {
vshuf-v8qi.c:96:5 punctuator {
vshuf-v8qi.c:96:7 constant 0x11
vshuf-v8qi.c:96:11 punctuator ,
vshuf-v8qi.c:96:13 constant 0x12
vshuf-v8qi.c:96:17 punctuator ,
vshuf-v8qi.c:96:19 constant 0x13
vshuf-v8qi.c:96:23 punctuator ,
vshuf-v8qi.c:96:25 constant 0x14
vshuf-v8qi.c:96:29 punctuator ,
vshuf-v8qi.c:96:31 constant 0x15
vshuf-v8qi.c:96:35 punctuator ,
vshuf-v8qi.c:96:37 constant 0x16
vshuf-v8qi.c:96:41 punctuator ,
vshuf-v8qi.c:96:43 constant 0x17
vshuf-v8qi.c:96:47 punctuator ,
vshuf-v8qi.c:96:49 constant 0x18
vshuf-v8qi.c:96:54 punctuator }
vshuf-v8qi.c:96:55 punctuator ,
vshuf-v8qi.c:97:5 punctuator {
vshuf-v8qi.c:97:7 constant 0xf1
vshuf-v8qi.c:97:11 punctuator ,
vshuf-v8qi.c:97:13 constant 0xf2
vshuf-v8qi.c:97:17 punctuator ,
vshuf-v8qi.c:97:19 constant 0xf3
vshuf-v8qi.c:97:23 punctuator ,
vshuf-v8qi.c:97:25 constant 0xf4
vshuf-v8qi.c:97:29 punctuator ,
vshuf-v8qi.c:97:31 constant 0xf5
vshuf-v8qi.c:97:35 punctuator ,
vshuf-v8qi.c:97:37 constant 0xf6
vshuf-v8qi.c:97:41 punctuator ,
vshuf-v8qi.c:97:43 constant 0xf7
vshuf-v8qi.c:97:47 punctuator ,
vshuf-v8qi.c:97:49 constant 0xf8
vshuf-v8qi.c:97:54 punctuator }
vshuf-v8qi.c:97:55 punctuator ,
vshuf-v8qi.c:98:5 punctuator {
vshuf-v8qi.c:98:7 constant 0x1e
vshuf-v8qi.c:98:11 punctuator ,
vshuf-v8qi.c:98:13 constant 0x2e
vshuf-v8qi.c:98:17 punctuator ,
vshuf-v8qi.c:98:19 constant 0x3e
vshuf-v8qi.c:98:23 punctuator ,
vshuf-v8qi.c:98:25 constant 0x4e
vshuf-v8qi.c:98:29 punctuator ,
vshuf-v8qi.c:98:31 constant 0x5e
vshuf-v8qi.c:98:35 punctuator ,
vshuf-v8qi.c:98:37 constant 0x6e
vshuf-v8qi.c:98:41 punctuator ,
vshuf-v8qi.c:98:43 constant 0x7e
vshuf-v8qi.c:98:47 punctuator ,
vshuf-v8qi.c:98:49 constant 0x8e
vshuf-v8qi.c:98:54 punctuator }
vshuf-v8qi.c:98:55 punctuator ,
vshuf-v8qi.c:99:5 punctuator {
vshuf-v8qi.c:99:7 constant 0xf7
vshuf-v8qi.c:99:11 punctuator ,
vshuf-v8qi.c:99:13 constant 0xf7
vshuf-v8qi.c:99:17 punctuator ,
vshuf-v8qi.c:99:19 constant 0xf7
vshuf-v8qi.c:99:23 punctuator ,
vshuf-v8qi.c:99:25 constant 0xf7
vshuf-v8qi.c:99:29 punctuator ,
vshuf-v8qi.c:99:31 constant 0xf7
vshuf-v8qi.c:99:35 punctuator ,
vshuf-v8qi.c:99:37 constant 0xf7
vshuf-v8qi.c:99:41 punctuator ,
vshuf-v8qi.c:99:43 constant 0xf7
vshuf-v8qi.c:99:47 punctuator ,
vshuf-v8qi.c:99:49 constant 0xf7
vshuf-v8qi.c:99:54 punctuator }
vshuf-v8qi.c:99:55 punctuator ,
vshuf-v8qi.c:100:3 punctuator }
vshuf-v8qi.c:100:4 punctuator ,
vshuf-v8qi.c:101:1 punctuator }
vshuf-v8qi.c:101:2 punctuator ;
vshuf-v8qi.c:104:1 keyword extern
vshuf-v8qi.c:104:8 keyword void
vshuf-v8qi.c:104:13 identifier abort
vshuf-v8qi.c:104:18 punctuator (
vshuf-v8qi.c:104:19 keyword void
vshuf-v8qi.c:104:23 punctuator )
vshuf-v8qi.c:104:24 punctuator ;
vshuf-v8qi.c:106:1 keyword int
vshuf-v8qi.c:106:5 identifier main
vshuf-v8qi.c:106:9 punctuator (
vshuf-v8qi.c:106:10 punctuator )
vshuf-v8qi.c:107:1 punctuator {
vshuf-v8qi.c:109:3 keyword int
vshuf-v8qi.c:109:7 identifier i
vshuf-v8qi.c:109:8 punctuator ;
vshuf-v8qi.c:111:3 keyword for
vshuf-v8qi.c:111:7 punctuator (
vshuf-v8qi.c:111:8 identifier i
vshuf-v8qi.c:111:10 punctuator =
vshuf-v8qi.c:111:12 constant 0
vshuf-v8qi.c:111:13 punctuator ;
vshuf-v8qi.c:111:15 identifier i
vshuf-v8qi.c:111:17 punctuator <
vshuf-v8qi.c:111:19 keyword sizeof
vshuf-v8qi.c:111:25 punctuator (
vshuf-v8qi.c:111:26 identifier tests
vshuf-v8qi.c:111:31 punctuator )
vshuf-v8qi.c:111:32 punctuator /
vshuf-v8qi.c:111:33 keyword sizeof
vshuf-v8qi.c:111:39 punctuator (
vshuf-v8qi.c:111:40 identifier tests
vshuf-v8qi.c:111:45 punctuator [
vshuf-v8qi.c:111:46 constant 0
vshuf-v8qi.c:111:47 punctuator ]
vshuf-v8qi.c:111:48 punctuator )
vshuf-v8qi.c:111:49 punctuator ;
vshuf-v8qi.c:111:51 punctuator ++
vshuf-v8qi.c:111:53 identifier i
vshuf-v8qi.c:111:54 punctuator )
vshuf-v8qi.c:112:5 punctuator {
vshuf-v8qi.c:113:7 identifier V
vshuf-v8qi.c:113:9 identifier r
vshuf-v8qi.c:113:11 punctuator =
vshuf-v8qi.c:113:13 identifier __builtin_shuffle
vshuf-v8qi.c:113:30 punctuator (
vshuf-v8qi.c:113:31 identifier tests
vshuf-v8qi.c:113:36 punctuator [
vshuf-v8qi.c:113:37 identifier i
vshuf-v8qi.c:113:38 punctuator ]
vshuf-v8qi.c:113:39 punctuator .
vshuf-v8qi.c:113:40 identifier in
vshuf-v8qi.c:113:42 punctuator ,
vshuf-v8qi.c:113:44 identifier tests
vshuf-v8qi.c:113:49 punctuator [
vshuf-v8qi.c:113:50 identifier i
vshuf-v8qi.c:113:51 punctuator ]
vshuf-v8qi.c:113:52 punctuator .
vshuf-v8qi.c:113:53 identifier mask
vshuf-v8qi.c:113:57 punctuator )
vshuf-v8qi.c:113:58 punctuator ;
vshuf-v8qi.c:114:7 keyword if
vshuf-v8qi.c:114:10 punctuator (
vshuf-v8qi.c:114:11 identifier __builtin_memcmp
vshuf-v8qi.c:114:27 punctuator (
vshuf-v8qi.c:114:28 punctuator &
vshuf-v8qi.c:114:29 identifier r
vshuf-v8qi.c:114:30 punctuator ,
vshuf-v8qi.c:114:32 punctuator &
vshuf-v8qi.c:114:33 identifier tests
vshuf-v8qi.c:114:38 punctuator [
vshuf-v8qi.c:114:39 identifier i
vshuf-v8qi.c:114:40 punctuator ]
vshuf-v8qi.c:114:41 punctuator .
vshuf-v8qi.c:114:42 identifier out
vshuf-v8qi.c:114:45 punctuator ,
vshuf-v8qi.c:114:47 keyword sizeof
vshuf-v8qi.c:114:53 punctuator (
vshuf-v8qi.c:114:54 identifier V
vshuf-v8qi.c:114:55 punctuator )
vshuf-v8qi.c:114:56 punctuator )
vshuf-v8qi.c:114:58 punctuator !=
vshuf-v8qi.c:114:61 constant 0
vshuf-v8qi.c:114:62 punctuator )
vshuf-v8qi.c:115:2 identifier abort
vshuf-v8qi.c:115:7 punctuator (
vshuf-v8qi.c:115:8 punctuator )
vshuf-v8qi.c:115:9 punctuator ;
vshuf-v8qi.c:116:5 punctuator }
vshuf-v8qi.c:118:3 keyword for
vshuf-v8qi.c:118:7 punctuator (
vshuf-v8qi.c:118:8 identifier i
vshuf-v8qi.c:118:10 punctuator =
vshuf-v8qi.c:118:12 constant 0
vshuf-v8qi.c:118:13 punctuator ;
vshuf-v8qi.c:118:15 identifier i
vshuf-v8qi.c:118:17 punctuator <
vshuf-v8qi.c:118:19 keyword sizeof
vshuf-v8qi.c:118:25 punctuator (
vshuf-v8qi.c:118:26 identifier tests2
vshuf-v8qi.c:118:32 punctuator )
vshuf-v8qi.c:118:33 punctuator /
vshuf-v8qi.c:118:34 keyword sizeof
vshuf-v8qi.c:118:40 punctuator (
vshuf-v8qi.c:118:41 identifier tests2
vshuf-v8qi.c:118:47 punctuator [
vshuf-v8qi.c:118:48 constant 0
vshuf-v8qi.c:118:49 punctuator ]
vshuf-v8qi.c:118:50 punctuator )
vshuf-v8qi.c:118:51 punctuator ;
vshuf-v8qi.c:118:53 punctuator ++
vshuf-v8qi.c:118:55 identifier i
vshuf-v8qi.c:118:56 punctuator )
vshuf-v8qi.c:119:5 punctuator {
vshuf-v8qi.c:120:7 identifier V
vshuf-v8qi.c:120:9 identifier r
vshuf-v8qi.c:120:11 punctuator =
vshuf-v8qi.c:120:13 identifier __builtin_shuffle
vshuf-v8qi.c:120:30 punctuator (
vshuf-v8qi.c:120:31 identifier tests2
vshuf-v8qi.c:120:37 punctuator [
vshuf-v8qi.c:120:38 identifier i
vshuf-v8qi.c:120:39 punctuator ]
vshuf-v8qi.c:120:40 punctuator .
vshuf-v8qi.c:120:41 identifier in1
vshuf-v8qi.c:120:44 punctuator ,
vshuf-v8qi.c:120:46 identifier tests2
vshuf-v8qi.c:120:52 punctuator [
vshuf-v8qi.c:120:53 identifier i
vshuf-v8qi.c:120:54 punctuator ]
vshuf-v8qi.c:120:55 punctuator .
vshuf-v8qi.c:120:56 identifier in2
vshuf-v8qi.c:120:59 punctuator ,
vshuf-v8qi.c:120:61 identifier tests2
vshuf-v8qi.c:120:67 punctuator [
vshuf-v8qi.c:120:68 identifier i
vshuf-v8qi.c:120:69 punctuator ]
vshuf-v8qi.c:120:70 punctuator .
vshuf-v8qi.c:120:71 identifier mask
vshuf-v8qi.c:120:75 punctuator )
vshuf-v8qi.c:120:76 punctuator ;
vshuf-v8qi.c:121:7 keyword if
vshuf-v8qi.c:121:10 punctuator (
vshuf-v8qi.c:121:11 identifier __builtin_memcmp
vshuf-v8qi.c:121:27 punctuator (
vshuf-v8qi.c:121:28 punctuator &
vshuf-v8qi.c:121:29 identifier r
vshuf-v8qi.c:121:30 punctuator ,
vshuf-v8qi.c:121:32 punctuator &
vshuf-v8qi.c:121:33 identifier tests2
vshuf-v8qi.c:121:39 punctuator [
vshuf-v8qi.c:121:40 identifier i
vshuf-v8qi.c:121:41 punctuator ]
vshuf-v8qi.c:121:42 punctuator .
vshuf-v8qi.c:121:43 identifier out
vshuf-v8qi.c:121:46 punctuator ,
vshuf-v8qi.c:121:48 keyword sizeof
vshuf-v8qi.c:121:54 punctuator (
vshuf-v8qi.c:121:55 identifier V
vshuf-v8qi.c:121:56 punctuator )
vshuf-v8qi.c:121:57 punctuator )
vshuf-v8qi.c:121:59 punctuator !=
vshuf-v8qi.c:121:62 constant 0
vshuf-v8qi.c:121:63 punctuator )
vshuf-v8qi.c:122:2 identifier abort
vshuf-v8qi.c:122:7 punctuator (
vshuf-v8qi.c:122:8 punctuator )
vshuf-v8qi.c:122:9 punctuator ;
vshuf-v8qi.c:123:5 punctuator }
vshuf-v8qi.c:126:3 keyword return
vshuf-v8qi.c:126:10 constant 0
vshuf-v8qi.c:126:11 punctuator ;
vshuf-v8qi.c:127:1 punctuator }
