0
bitf.c:3:1 keyword struct
bitf.c:3:8 identifier foo
bitf.c:4:1 punctuator {
bitf.c:5:3 keyword unsigned
bitf.c:5:12 identifier aa
bitf.c:5:15 punctuator :
bitf.c:5:17 constant 1
bitf.c:5:18 punctuator ;
bitf.c:6:3 keyword unsigned
bitf.c:6:12 identifier a
bitf.c:6:14 punctuator :
bitf.c:6:16 constant 9
bitf.c:6:17 punctuator ;
bitf.c:7:3 keyword unsigned
bitf.c:7:12 identifier c
bitf.c:7:14 punctuator :
bitf.c:7:16 constant 16
bitf.c:7:18 punctuator ;
bitf.c:8:3 keyword unsigned
bitf.c:8:12 identifier d
bitf.c:8:14 punctuator :
bitf.c:8:16 constant 6
bitf.c:8:17 punctuator ;
bitf.c:9:1 punctuator }
bitf.c:9:2 punctuator ;
bitf.c:12:1 keyword unsigned
bitf.c:13:1 identifier foo
bitf.c:13:5 punctuator (
bitf.c:13:6 identifier a
bitf.c:13:7 punctuator ,
bitf.c:13:9 identifier b
bitf.c:13:10 punctuator )
bitf.c:14:6 keyword struct
bitf.c:14:13 identifier foo
bitf.c:14:17 identifier a
bitf.c:14:18 punctuator ;
bitf.c:15:1 punctuator {
bitf.c:16:3 keyword return
bitf.c:16:10 identifier a
bitf.c:16:11 punctuator .
bitf.c:16:12 identifier d
bitf.c:16:14 punctuator ==
bitf.c:16:17 constant 0
bitf.c:16:18 punctuator ;
bitf.c:17:1 punctuator }
