0
c2.c:1:1 identifier foo
c2.c:1:5 punctuator (
c2.c:1:6 identifier a
c2.c:1:7 punctuator )
c2.c:2:1 punctuator {
c2.c:3:3 identifier bar
c2.c:3:7 punctuator (
c2.c:3:8 identifier a
c2.c:3:9 punctuator )
c2.c:3:10 punctuator ;
c2.c:4:3 identifier bar
c2.c:4:7 punctuator (
c2.c:4:8 identifier a
c2.c:4:9 punctuator )
c2.c:4:10 punctuator ;
c2.c:5:1 punctuator }
