0
20111206.c:5:1 keyword void
20111206.c:5:6 identifier func1
20111206.c:5:12 punctuator (
20111206.c:5:13 keyword void
20111206.c:5:17 punctuator )
20111206.c:5:19 identifier __attribute__
20111206.c:5:33 punctuator (
20111206.c:5:34 punctuator (
20111206.c:5:35 identifier transaction_callable
20111206.c:5:55 punctuator ,
20111206.c:5:57 identifier used
20111206.c:5:61 punctuator )
20111206.c:5:62 punctuator )
20111206.c:5:63 punctuator ;
20111206.c:6:1 keyword long
20111206.c:6:6 identifier func2
20111206.c:6:12 punctuator (
20111206.c:6:13 keyword void
20111206.c:6:17 punctuator )
20111206.c:6:19 identifier __attribute__
20111206.c:6:33 punctuator (
20111206.c:6:34 punctuator (
20111206.c:6:35 identifier transaction_callable
20111206.c:6:55 punctuator ,
20111206.c:6:57 identifier used
20111206.c:6:61 punctuator )
20111206.c:6:62 punctuator )
20111206.c:6:63 punctuator ;
20111206.c:7:1 keyword unsigned
20111206.c:7:10 keyword long
20111206.c:7:15 identifier rand
20111206.c:7:20 punctuator (
20111206.c:7:21 keyword void
20111206.c:7:25 punctuator )
20111206.c:7:26 punctuator ;
20111206.c:9:1 keyword void
20111206.c:9:6 identifier client_run
20111206.c:9:17 punctuator (
20111206.c:9:18 keyword void
20111206.c:9:22 punctuator )
20111206.c:10:1 punctuator {
20111206.c:11:3 keyword long
20111206.c:11:8 identifier types
20111206.c:11:13 punctuator [
20111206.c:11:14 constant 100
20111206.c:11:17 punctuator ]
20111206.c:11:18 punctuator ;
20111206.c:12:3 keyword long
20111206.c:12:8 identifier i
20111206.c:12:9 punctuator ;
20111206.c:14:3 keyword for
20111206.c:14:7 punctuator (
20111206.c:14:8 identifier i
20111206.c:14:10 punctuator =
20111206.c:14:12 constant 0
20111206.c:14:13 punctuator ;
20111206.c:14:15 identifier i
20111206.c:14:17 punctuator <
20111206.c:14:19 constant 100
20111206.c:14:22 punctuator ;
20111206.c:14:24 identifier i
20111206.c:14:25 punctuator ++
20111206.c:14:27 punctuator )
20111206.c:15:5 punctuator {
20111206.c:16:7 keyword long
20111206.c:16:12 identifier action
20111206.c:16:19 punctuator =
20111206.c:16:21 identifier rand
20111206.c:16:26 punctuator (
20111206.c:16:27 punctuator )
20111206.c:16:28 punctuator ;
20111206.c:18:7 keyword switch
20111206.c:18:14 punctuator (
20111206.c:18:15 identifier action
20111206.c:18:21 punctuator )
20111206.c:19:2 punctuator {
20111206.c:20:2 keyword case
20111206.c:20:7 constant 0
20111206.c:20:8 punctuator :
20111206.c:21:4 punctuator {
20111206.c:22:6 identifier __transaction_relaxed
20111206.c:23:6 punctuator {
20111206.c:24:8 keyword long
20111206.c:24:13 identifier bill
20111206.c:24:18 punctuator =
20111206.c:24:20 identifier func2
20111206.c:24:26 punctuator (
20111206.c:24:27 punctuator )
20111206.c:24:28 punctuator ;
20111206.c:25:8 keyword if
20111206.c:25:11 punctuator (
20111206.c:25:12 identifier bill
20111206.c:25:17 punctuator >=
20111206.c:25:20 constant 0
20111206.c:25:21 punctuator )
20111206.c:26:3 punctuator {
20111206.c:27:5 identifier func1
20111206.c:27:11 punctuator (
20111206.c:27:12 punctuator )
20111206.c:27:13 punctuator ;
20111206.c:28:3 punctuator }
20111206.c:29:6 punctuator }
20111206.c:30:6 keyword break
20111206.c:30:11 punctuator ;
20111206.c:31:4 punctuator }
20111206.c:33:2 keyword case
20111206.c:33:7 constant 1
20111206.c:33:8 punctuator :
20111206.c:34:4 punctuator {
20111206.c:35:6 keyword long
20111206.c:35:11 identifier n
20111206.c:35:12 punctuator ;
20111206.c:36:6 identifier __transaction_relaxed
20111206.c:37:6 punctuator {
20111206.c:38:8 keyword for
20111206.c:38:12 punctuator (
20111206.c:38:13 identifier n
20111206.c:38:15 punctuator =
20111206.c:38:17 constant 0
20111206.c:38:18 punctuator ;
20111206.c:38:20 identifier n
20111206.c:38:22 punctuator <
20111206.c:38:24 constant 100
20111206.c:38:27 punctuator ;
20111206.c:38:29 identifier n
20111206.c:38:30 punctuator ++
20111206.c:38:32 punctuator )
20111206.c:39:3 punctuator {
20111206.c:40:5 keyword long
20111206.c:40:10 identifier t
20111206.c:40:12 punctuator =
20111206.c:40:14 identifier types
20111206.c:40:19 punctuator [
20111206.c:40:20 identifier n
20111206.c:40:21 punctuator ]
20111206.c:40:22 punctuator ;
20111206.c:41:5 keyword switch
20111206.c:41:12 punctuator (
20111206.c:41:13 identifier t
20111206.c:41:14 punctuator )
20111206.c:42:7 punctuator {
20111206.c:43:7 keyword case
20111206.c:43:12 constant 0
20111206.c:43:13 punctuator :
20111206.c:44:9 identifier func1
20111206.c:44:15 punctuator (
20111206.c:44:16 punctuator )
20111206.c:44:17 punctuator ;
20111206.c:45:9 keyword break
20111206.c:45:14 punctuator ;
20111206.c:46:7 punctuator }
20111206.c:47:3 punctuator }
20111206.c:48:6 punctuator }
20111206.c:49:6 keyword break
20111206.c:49:11 punctuator ;
20111206.c:50:4 punctuator }
20111206.c:51:2 punctuator }
20111206.c:52:5 punctuator }
20111206.c:53:1 punctuator }
