0
save-expr-4.c:4:1 keyword int
save-expr-4.c:4:5 identifier x
save-expr-4.c:4:6 punctuator ;
save-expr-4.c:6:1 keyword int
save-expr-4.c:7:1 identifier foo
save-expr-4.c:7:5 punctuator (
save-expr-4.c:7:6 keyword int
save-expr-4.c:7:10 identifier i
save-expr-4.c:7:11 punctuator ,
save-expr-4.c:7:13 keyword unsigned
save-expr-4.c:7:22 keyword int
save-expr-4.c:7:26 identifier u
save-expr-4.c:7:27 punctuator )
save-expr-4.c:8:1 punctuator {
save-expr-4.c:9:3 keyword return
save-expr-4.c:9:10 punctuator (
save-expr-4.c:9:11 identifier i
save-expr-4.c:9:13 punctuator %
save-expr-4.c:9:15 identifier u
save-expr-4.c:9:16 punctuator )
save-expr-4.c:9:18 punctuator <<
save-expr-4.c:9:21 punctuator (
save-expr-4.c:9:22 identifier x
save-expr-4.c:9:24 punctuator /
save-expr-4.c:9:26 identifier u
save-expr-4.c:9:27 punctuator )
save-expr-4.c:9:28 punctuator ;
save-expr-4.c:10:1 punctuator }
save-expr-4.c:12:1 keyword int
save-expr-4.c:13:1 identifier bar
save-expr-4.c:13:5 punctuator (
save-expr-4.c:13:6 keyword int
save-expr-4.c:13:10 identifier i
save-expr-4.c:13:11 punctuator ,
save-expr-4.c:13:13 keyword unsigned
save-expr-4.c:13:22 keyword int
save-expr-4.c:13:26 identifier u
save-expr-4.c:13:27 punctuator )
save-expr-4.c:14:1 punctuator {
save-expr-4.c:15:3 keyword return
save-expr-4.c:15:10 punctuator (
save-expr-4.c:15:11 punctuator (
save-expr-4.c:15:12 punctuator (
save-expr-4.c:15:13 identifier x
save-expr-4.c:15:15 punctuator %
save-expr-4.c:15:17 identifier u
save-expr-4.c:15:18 punctuator )
save-expr-4.c:15:20 punctuator <<
save-expr-4.c:15:23 punctuator (
save-expr-4.c:15:24 identifier u
save-expr-4.c:15:26 punctuator /
save-expr-4.c:15:28 identifier i
save-expr-4.c:15:29 punctuator )
save-expr-4.c:15:30 punctuator )
save-expr-4.c:15:32 punctuator >>
save-expr-4.c:15:35 identifier x
save-expr-4.c:15:36 punctuator )
save-expr-4.c:15:37 punctuator ;
save-expr-4.c:16:1 punctuator }
