0
shift-4.c:4:1 keyword struct
shift-4.c:4:8 identifier S
shift-4.c:4:10 punctuator {
shift-4.c:4:12 keyword unsigned
shift-4.c:4:21 keyword long
shift-4.c:4:26 keyword long
shift-4.c:4:31 keyword int
shift-4.c:4:35 identifier b
shift-4.c:4:36 punctuator :
shift-4.c:4:37 constant 40
shift-4.c:4:39 punctuator ;
shift-4.c:4:41 punctuator }
shift-4.c:4:43 identifier s
shift-4.c:4:44 punctuator ;
shift-4.c:6:1 keyword int
shift-4.c:7:1 identifier main
shift-4.c:7:6 punctuator (
shift-4.c:7:7 punctuator )
shift-4.c:8:1 punctuator {
shift-4.c:9:3 identifier s
shift-4.c:9:4 punctuator .
shift-4.c:9:5 identifier b
shift-4.c:9:7 punctuator =
shift-4.c:9:9 constant 2
shift-4.c:9:10 punctuator ;
shift-4.c:10:3 identifier s
shift-4.c:10:4 punctuator .
shift-4.c:10:5 identifier b
shift-4.c:10:7 punctuator <<=
shift-4.c:10:11 constant 120
shift-4.c:10:14 punctuator ;
shift-4.c:11:3 keyword return
shift-4.c:11:10 constant 0
shift-4.c:11:11 punctuator ;
shift-4.c:12:1 punctuator }
