0
20040704-1.c:3:1 keyword extern
20040704-1.c:3:8 keyword void
20040704-1.c:3:13 identifier abort
20040704-1.c:3:19 punctuator (
20040704-1.c:3:20 punctuator )
20040704-1.c:3:21 punctuator ;
20040704-1.c:5:1 keyword int
20040704-1.c:5:5 identifier main
20040704-1.c:5:9 punctuator (
20040704-1.c:5:10 punctuator )
20040704-1.c:6:1 punctuator {
20040704-1.c:7:3 keyword for
20040704-1.c:7:7 punctuator (
20040704-1.c:7:8 punctuator ;
20040704-1.c:7:10 constant 0
20040704-1.c:7:12 punctuator ;
20040704-1.c:7:13 punctuator )
20040704-1.c:8:5 punctuator {
20040704-1.c:9:7 identifier abort
20040704-1.c:9:13 punctuator (
20040704-1.c:9:14 punctuator )
20040704-1.c:9:15 punctuator ;
20040704-1.c:10:5 identifier label
20040704-1.c:10:10 punctuator :
20040704-1.c:11:7 keyword return
20040704-1.c:11:14 constant 0
20040704-1.c:11:15 punctuator ;
20040704-1.c:12:5 punctuator }
20040704-1.c:13:3 keyword goto
20040704-1.c:13:8 identifier label
20040704-1.c:13:13 punctuator ;
20040704-1.c:14:1 punctuator }
