0
20040707-1.c:1:1 keyword struct
20040707-1.c:1:8 identifier s
20040707-1.c:1:10 punctuator {
20040707-1.c:1:12 keyword char
20040707-1.c:1:17 identifier c1
20040707-1.c:1:19 punctuator ,
20040707-1.c:1:21 identifier c2
20040707-1.c:1:23 punctuator ;
20040707-1.c:1:25 punctuator }
20040707-1.c:1:26 punctuator ;
20040707-1.c:2:1 keyword void
20040707-1.c:2:6 identifier foo
20040707-1.c:2:10 punctuator (
20040707-1.c:2:11 keyword struct
20040707-1.c:2:18 identifier s
20040707-1.c:2:20 identifier s
20040707-1.c:2:21 punctuator )
20040707-1.c:3:1 punctuator {
20040707-1.c:4:3 keyword static
20040707-1.c:4:10 keyword struct
20040707-1.c:4:17 identifier s
20040707-1.c:4:19 identifier s1
20040707-1.c:4:21 punctuator ;
20040707-1.c:5:3 identifier s1
20040707-1.c:5:6 punctuator =
20040707-1.c:5:8 identifier s
20040707-1.c:5:9 punctuator ;
20040707-1.c:6:1 punctuator }
20040707-1.c:7:1 keyword int
20040707-1.c:7:5 identifier main
20040707-1.c:7:10 punctuator (
20040707-1.c:7:11 punctuator )
20040707-1.c:8:1 punctuator {
20040707-1.c:9:3 keyword static
20040707-1.c:9:10 keyword struct
20040707-1.c:9:17 identifier s
20040707-1.c:9:19 identifier s2
20040707-1.c:9:21 punctuator ;
20040707-1.c:10:3 identifier foo
20040707-1.c:10:7 punctuator (
20040707-1.c:10:8 identifier s2
20040707-1.c:10:10 punctuator )
20040707-1.c:10:11 punctuator ;
20040707-1.c:11:3 identifier exit
20040707-1.c:11:8 punctuator (
20040707-1.c:11:9 constant 0
20040707-1.c:11:10 punctuator )
20040707-1.c:11:11 punctuator ;
20040707-1.c:12:1 punctuator }
