0
961004-1.c:1:1 keyword int
961004-1.c:1:5 identifier k
961004-1.c:1:7 punctuator =
961004-1.c:1:9 constant 0
961004-1.c:1:10 punctuator ;
961004-1.c:3:1 identifier main
961004-1.c:3:5 punctuator (
961004-1.c:3:6 punctuator )
961004-1.c:4:1 punctuator {
961004-1.c:5:3 keyword int
961004-1.c:5:7 identifier i
961004-1.c:5:8 punctuator ;
961004-1.c:6:3 keyword int
961004-1.c:6:7 identifier j
961004-1.c:6:8 punctuator ;
961004-1.c:8:3 keyword for
961004-1.c:8:7 punctuator (
961004-1.c:8:8 identifier i
961004-1.c:8:10 punctuator =
961004-1.c:8:12 constant 0
961004-1.c:8:13 punctuator ;
961004-1.c:8:15 identifier i
961004-1.c:8:17 punctuator <
961004-1.c:8:19 constant 2
961004-1.c:8:20 punctuator ;
961004-1.c:8:22 identifier i
961004-1.c:8:23 punctuator ++
961004-1.c:8:25 punctuator )
961004-1.c:9:5 punctuator {
961004-1.c:10:7 keyword if
961004-1.c:10:10 punctuator (
961004-1.c:10:11 identifier k
961004-1.c:10:12 punctuator )
961004-1.c:11:2 punctuator {
961004-1.c:12:4 keyword if
961004-1.c:12:7 punctuator (
961004-1.c:12:8 identifier j
961004-1.c:12:10 punctuator !=
961004-1.c:12:13 constant 2
961004-1.c:12:14 punctuator )
961004-1.c:13:6 identifier abort
961004-1.c:13:12 punctuator (
961004-1.c:13:13 punctuator )
961004-1.c:13:14 punctuator ;
961004-1.c:14:2 punctuator }
961004-1.c:15:7 keyword else
961004-1.c:16:2 punctuator {
961004-1.c:17:4 identifier j
961004-1.c:17:6 punctuator =
961004-1.c:17:8 constant 2
961004-1.c:17:9 punctuator ;
961004-1.c:18:4 identifier k
961004-1.c:18:5 punctuator ++
961004-1.c:18:7 punctuator ;
961004-1.c:19:2 punctuator }
961004-1.c:20:5 punctuator }
961004-1.c:21:3 identifier exit
961004-1.c:21:8 punctuator (
961004-1.c:21:9 constant 0
961004-1.c:21:10 punctuator )
961004-1.c:21:11 punctuator ;
961004-1.c:22:1 punctuator }
