0
pr33870.c:1:1 keyword extern
pr33870.c:1:8 keyword void
pr33870.c:1:13 identifier abort
pr33870.c:1:19 punctuator (
pr33870.c:1:20 keyword void
pr33870.c:1:24 punctuator )
pr33870.c:1:25 punctuator ;
pr33870.c:3:1 keyword typedef
pr33870.c:3:9 keyword struct
pr33870.c:3:16 identifier PgHdr
pr33870.c:3:22 identifier PgHdr
pr33870.c:3:27 punctuator ;
pr33870.c:4:1 keyword typedef
pr33870.c:4:9 keyword unsigned
pr33870.c:4:18 keyword char
pr33870.c:4:23 identifier u8
pr33870.c:4:25 punctuator ;
pr33870.c:5:1 keyword struct
pr33870.c:5:8 identifier PgHdr
pr33870.c:5:14 punctuator {
pr33870.c:6:3 keyword unsigned
pr33870.c:6:12 keyword int
pr33870.c:6:16 identifier pgno
pr33870.c:6:20 punctuator ;
pr33870.c:7:3 identifier PgHdr
pr33870.c:7:9 punctuator *
pr33870.c:7:10 identifier pNextHash
pr33870.c:7:19 punctuator ,
pr33870.c:7:21 punctuator *
pr33870.c:7:22 identifier pPrevHash
pr33870.c:7:31 punctuator ;
pr33870.c:8:3 identifier PgHdr
pr33870.c:8:9 punctuator *
pr33870.c:8:10 identifier pNextFree
pr33870.c:8:19 punctuator ,
pr33870.c:8:21 punctuator *
pr33870.c:8:22 identifier pPrevFree
pr33870.c:8:31 punctuator ;
pr33870.c:9:3 identifier PgHdr
pr33870.c:9:9 punctuator *
pr33870.c:9:10 identifier pNextAll
pr33870.c:9:18 punctuator ;
pr33870.c:10:3 identifier u8
pr33870.c:10:6 identifier inJournal
pr33870.c:10:15 punctuator ;
pr33870.c:11:3 keyword short
pr33870.c:11:9 keyword int
pr33870.c:11:13 identifier nRef
pr33870.c:11:17 punctuator ;
pr33870.c:12:3 identifier PgHdr
pr33870.c:12:9 punctuator *
pr33870.c:12:10 identifier pDirty
pr33870.c:12:16 punctuator ,
pr33870.c:12:18 punctuator *
pr33870.c:12:19 identifier pPrevDirty
pr33870.c:12:29 punctuator ;
pr33870.c:13:3 keyword unsigned
pr33870.c:13:12 keyword int
pr33870.c:13:16 identifier notUsed
pr33870.c:13:23 punctuator ;
pr33870.c:14:1 punctuator }
pr33870.c:14:2 punctuator ;
pr33870.c:16:1 keyword static
pr33870.c:16:8 keyword inline
pr33870.c:16:15 identifier PgHdr
pr33870.c:16:21 punctuator *
pr33870.c:16:22 identifier merge_pagelist
pr33870.c:16:36 punctuator (
pr33870.c:16:37 identifier PgHdr
pr33870.c:16:43 punctuator *
pr33870.c:16:44 identifier pA
pr33870.c:16:46 punctuator ,
pr33870.c:16:48 identifier PgHdr
pr33870.c:16:54 punctuator *
pr33870.c:16:55 identifier pB
pr33870.c:16:57 punctuator )
pr33870.c:17:1 punctuator {
pr33870.c:18:3 identifier PgHdr
pr33870.c:18:9 identifier result
pr33870.c:18:15 punctuator ;
pr33870.c:19:3 identifier PgHdr
pr33870.c:19:9 punctuator *
pr33870.c:19:10 identifier pTail
pr33870.c:19:15 punctuator ;
pr33870.c:20:3 identifier pTail
pr33870.c:20:9 punctuator =
pr33870.c:20:11 punctuator &
pr33870.c:20:12 identifier result
pr33870.c:20:18 punctuator ;
pr33870.c:21:3 keyword while
pr33870.c:21:8 punctuator (
pr33870.c:21:10 identifier pA
pr33870.c:21:13 punctuator &&
pr33870.c:21:16 identifier pB
pr33870.c:21:19 punctuator )
pr33870.c:21:20 punctuator {
pr33870.c:22:5 keyword if
pr33870.c:22:7 punctuator (
pr33870.c:22:9 identifier pA
pr33870.c:22:11 punctuator ->
pr33870.c:22:13 identifier pgno
pr33870.c:22:17 punctuator <
pr33870.c:22:18 identifier pB
pr33870.c:22:20 punctuator ->
pr33870.c:22:22 identifier pgno
pr33870.c:22:27 punctuator )
pr33870.c:22:28 punctuator {
pr33870.c:23:7 identifier pTail
pr33870.c:23:12 punctuator ->
pr33870.c:23:14 identifier pDirty
pr33870.c:23:21 punctuator =
pr33870.c:23:23 identifier pA
pr33870.c:23:25 punctuator ;
pr33870.c:24:7 identifier pTail
pr33870.c:24:13 punctuator =
pr33870.c:24:15 identifier pA
pr33870.c:24:17 punctuator ;
pr33870.c:25:7 identifier pA
pr33870.c:25:10 punctuator =
pr33870.c:25:12 identifier pA
pr33870.c:25:14 punctuator ->
pr33870.c:25:16 identifier pDirty
pr33870.c:25:22 punctuator ;
pr33870.c:26:5 punctuator }
pr33870.c:26:6 keyword else
pr33870.c:26:10 punctuator {
pr33870.c:27:7 identifier pTail
pr33870.c:27:12 punctuator ->
pr33870.c:27:14 identifier pDirty
pr33870.c:27:21 punctuator =
pr33870.c:27:23 identifier pB
pr33870.c:27:25 punctuator ;
pr33870.c:28:7 identifier pTail
pr33870.c:28:13 punctuator =
pr33870.c:28:15 identifier pB
pr33870.c:28:17 punctuator ;
pr33870.c:29:7 identifier pB
pr33870.c:29:10 punctuator =
pr33870.c:29:12 identifier pB
pr33870.c:29:14 punctuator ->
pr33870.c:29:16 identifier pDirty
pr33870.c:29:22 punctuator ;
pr33870.c:30:5 punctuator }
pr33870.c:31:3 punctuator }
pr33870.c:32:3 keyword if
pr33870.c:32:5 punctuator (
pr33870.c:32:7 identifier pA
pr33870.c:32:10 punctuator )
pr33870.c:32:11 punctuator {
pr33870.c:33:5 identifier pTail
pr33870.c:33:10 punctuator ->
pr33870.c:33:12 identifier pDirty
pr33870.c:33:19 punctuator =
pr33870.c:33:21 identifier pA
pr33870.c:33:23 punctuator ;
pr33870.c:34:3 punctuator }
pr33870.c:34:4 keyword else
pr33870.c:34:9 keyword if
pr33870.c:34:11 punctuator (
pr33870.c:34:13 identifier pB
pr33870.c:34:16 punctuator )
pr33870.c:34:17 punctuator {
pr33870.c:35:5 identifier pTail
pr33870.c:35:10 punctuator ->
pr33870.c:35:12 identifier pDirty
pr33870.c:35:19 punctuator =
pr33870.c:35:21 identifier pB
pr33870.c:35:23 punctuator ;
pr33870.c:36:3 punctuator }
pr33870.c:36:4 keyword else
pr33870.c:36:8 punctuator {
pr33870.c:37:5 identifier pTail
pr33870.c:37:10 punctuator ->
pr33870.c:37:12 identifier pDirty
pr33870.c:37:19 punctuator =
pr33870.c:37:21 constant 0
pr33870.c:37:22 punctuator ;
pr33870.c:38:3 punctuator }
pr33870.c:39:3 keyword return
pr33870.c:39:10 identifier result
pr33870.c:39:16 punctuator .
pr33870.c:39:17 identifier pDirty
pr33870.c:39:23 punctuator ;
pr33870.c:40:1 punctuator }
pr33870.c:42:1 identifier PgHdr
pr33870.c:42:7 punctuator *
pr33870.c:42:9 identifier __attribute__
pr33870.c:42:22 punctuator (
pr33870.c:42:23 punctuator (
pr33870.c:42:24 identifier noinline
pr33870.c:42:32 punctuator )
pr33870.c:42:33 punctuator )
pr33870.c:42:35 identifier sort_pagelist
pr33870.c:42:48 punctuator (
pr33870.c:42:49 identifier PgHdr
pr33870.c:42:55 punctuator *
pr33870.c:42:56 identifier pIn
pr33870.c:42:59 punctuator )
pr33870.c:43:1 punctuator {
pr33870.c:44:3 identifier PgHdr
pr33870.c:44:9 punctuator *
pr33870.c:44:10 identifier a
pr33870.c:44:11 punctuator [
pr33870.c:44:12 constant 25
pr33870.c:44:14 punctuator ]
pr33870.c:44:15 punctuator ,
pr33870.c:44:17 punctuator *
pr33870.c:44:18 identifier p
pr33870.c:44:19 punctuator ;
pr33870.c:45:3 keyword int
pr33870.c:45:7 identifier i
pr33870.c:45:8 punctuator ;
pr33870.c:46:3 identifier __builtin_memset
pr33870.c:46:20 punctuator (
pr33870.c:46:21 identifier a
pr33870.c:46:22 punctuator ,
pr33870.c:46:24 constant 0
pr33870.c:46:25 punctuator ,
pr33870.c:46:27 keyword sizeof
pr33870.c:46:34 punctuator (
pr33870.c:46:35 identifier a
pr33870.c:46:36 punctuator )
pr33870.c:46:37 punctuator )
pr33870.c:46:38 punctuator ;
pr33870.c:47:3 keyword while
pr33870.c:47:8 punctuator (
pr33870.c:47:10 identifier pIn
pr33870.c:47:14 punctuator )
pr33870.c:47:15 punctuator {
pr33870.c:48:5 identifier p
pr33870.c:48:7 punctuator =
pr33870.c:48:9 identifier pIn
pr33870.c:48:12 punctuator ;
pr33870.c:49:5 identifier pIn
pr33870.c:49:9 punctuator =
pr33870.c:49:11 identifier p
pr33870.c:49:12 punctuator ->
pr33870.c:49:14 identifier pDirty
pr33870.c:49:20 punctuator ;
pr33870.c:50:5 identifier p
pr33870.c:50:6 punctuator ->
pr33870.c:50:8 identifier pDirty
pr33870.c:50:15 punctuator =
pr33870.c:50:17 constant 0
pr33870.c:50:18 punctuator ;
pr33870.c:51:5 keyword for
pr33870.c:51:8 punctuator (
pr33870.c:51:9 identifier i
pr33870.c:51:10 punctuator =
pr33870.c:51:11 constant 0
pr33870.c:51:12 punctuator ;
pr33870.c:51:14 identifier i
pr33870.c:51:15 punctuator <
pr33870.c:51:16 constant 25
pr33870.c:51:19 punctuator -
pr33870.c:51:20 constant 1
pr33870.c:51:21 punctuator ;
pr33870.c:51:23 identifier i
pr33870.c:51:24 punctuator ++
pr33870.c:51:26 punctuator )
pr33870.c:51:27 punctuator {
pr33870.c:52:7 keyword if
pr33870.c:52:9 punctuator (
pr33870.c:52:11 identifier a
pr33870.c:52:12 punctuator [
pr33870.c:52:13 identifier i
pr33870.c:52:14 punctuator ]
pr33870.c:52:15 punctuator ==
pr33870.c:52:17 constant 0
pr33870.c:52:19 punctuator )
pr33870.c:52:20 punctuator {
pr33870.c:53:9 identifier a
pr33870.c:53:10 punctuator [
pr33870.c:53:11 identifier i
pr33870.c:53:12 punctuator ]
pr33870.c:53:14 punctuator =
pr33870.c:53:16 identifier p
pr33870.c:53:17 punctuator ;
pr33870.c:54:9 keyword break
pr33870.c:54:14 punctuator ;
pr33870.c:55:7 punctuator }
pr33870.c:55:8 keyword else
pr33870.c:55:12 punctuator {
pr33870.c:56:9 identifier p
pr33870.c:56:11 punctuator =
pr33870.c:56:13 identifier merge_pagelist
pr33870.c:56:27 punctuator (
pr33870.c:56:28 identifier a
pr33870.c:56:29 punctuator [
pr33870.c:56:30 identifier i
pr33870.c:56:31 punctuator ]
pr33870.c:56:32 punctuator ,
pr33870.c:56:34 identifier p
pr33870.c:56:35 punctuator )
pr33870.c:56:36 punctuator ;
pr33870.c:57:9 identifier a
pr33870.c:57:10 punctuator [
pr33870.c:57:11 identifier i
pr33870.c:57:12 punctuator ]
pr33870.c:57:14 punctuator =
pr33870.c:57:16 constant 0
pr33870.c:57:17 punctuator ;
pr33870.c:58:7 punctuator }
pr33870.c:59:5 punctuator }
pr33870.c:60:5 keyword if
pr33870.c:60:7 punctuator (
pr33870.c:60:9 identifier i
pr33870.c:60:10 punctuator ==
pr33870.c:60:12 constant 25
pr33870.c:60:15 punctuator -
pr33870.c:60:16 constant 1
pr33870.c:60:18 punctuator )
pr33870.c:60:19 punctuator {
pr33870.c:61:7 identifier a
pr33870.c:61:8 punctuator [
pr33870.c:61:9 identifier i
pr33870.c:61:10 punctuator ]
pr33870.c:61:12 punctuator =
pr33870.c:61:14 identifier merge_pagelist
pr33870.c:61:28 punctuator (
pr33870.c:61:29 identifier a
pr33870.c:61:30 punctuator [
pr33870.c:61:31 identifier i
pr33870.c:61:32 punctuator ]
pr33870.c:61:33 punctuator ,
pr33870.c:61:35 identifier p
pr33870.c:61:36 punctuator )
pr33870.c:61:37 punctuator ;
pr33870.c:62:5 punctuator }
pr33870.c:63:3 punctuator }
pr33870.c:64:3 identifier p
pr33870.c:64:5 punctuator =
pr33870.c:64:7 identifier a
pr33870.c:64:8 punctuator [
pr33870.c:64:9 constant 0
pr33870.c:64:10 punctuator ]
pr33870.c:64:11 punctuator ;
pr33870.c:65:3 keyword for
pr33870.c:65:6 punctuator (
pr33870.c:65:7 identifier i
pr33870.c:65:8 punctuator =
pr33870.c:65:9 constant 1
pr33870.c:65:10 punctuator ;
pr33870.c:65:12 identifier i
pr33870.c:65:13 punctuator <
pr33870.c:65:14 constant 25
pr33870.c:65:16 punctuator ;
pr33870.c:65:18 identifier i
pr33870.c:65:19 punctuator ++
pr33870.c:65:21 punctuator )
pr33870.c:65:22 punctuator {
pr33870.c:66:5 identifier p
pr33870.c:66:7 punctuator =
pr33870.c:66:9 identifier merge_pagelist
pr33870.c:66:24 punctuator (
pr33870.c:66:25 identifier p
pr33870.c:66:26 punctuator ,
pr33870.c:66:28 identifier a
pr33870.c:66:29 punctuator [
pr33870.c:66:30 identifier i
pr33870.c:66:31 punctuator ]
pr33870.c:66:32 punctuator )
pr33870.c:66:33 punctuator ;
pr33870.c:67:3 punctuator }
pr33870.c:68:3 keyword return
pr33870.c:68:10 identifier p
pr33870.c:68:11 punctuator ;
pr33870.c:69:1 punctuator }
pr33870.c:71:1 keyword int
pr33870.c:71:5 identifier main
pr33870.c:71:9 punctuator (
pr33870.c:71:10 punctuator )
pr33870.c:72:1 punctuator {
pr33870.c:73:3 identifier PgHdr
pr33870.c:73:9 identifier a
pr33870.c:73:10 punctuator [
pr33870.c:73:11 constant 5
pr33870.c:73:12 punctuator ]
pr33870.c:73:13 punctuator ;
pr33870.c:74:3 identifier PgHdr
pr33870.c:74:9 punctuator *
pr33870.c:74:10 identifier p
pr33870.c:74:11 punctuator ;
pr33870.c:75:3 identifier a
pr33870.c:75:4 punctuator [
pr33870.c:75:5 constant 0
pr33870.c:75:6 punctuator ]
pr33870.c:75:7 punctuator .
pr33870.c:75:8 identifier pgno
pr33870.c:75:13 punctuator =
pr33870.c:75:15 constant 5
pr33870.c:75:16 punctuator ;
pr33870.c:76:3 identifier a
pr33870.c:76:4 punctuator [
pr33870.c:76:5 constant 0
pr33870.c:76:6 punctuator ]
pr33870.c:76:7 punctuator .
pr33870.c:76:8 identifier pDirty
pr33870.c:76:15 punctuator =
pr33870.c:76:17 punctuator &
pr33870.c:76:18 identifier a
pr33870.c:76:19 punctuator [
pr33870.c:76:20 constant 1
pr33870.c:76:21 punctuator ]
pr33870.c:76:22 punctuator ;
pr33870.c:77:3 identifier a
pr33870.c:77:4 punctuator [
pr33870.c:77:5 constant 1
pr33870.c:77:6 punctuator ]
pr33870.c:77:7 punctuator .
pr33870.c:77:8 identifier pgno
pr33870.c:77:13 punctuator =
pr33870.c:77:15 constant 4
pr33870.c:77:16 punctuator ;
pr33870.c:78:3 identifier a
pr33870.c:78:4 punctuator [
pr33870.c:78:5 constant 1
pr33870.c:78:6 punctuator ]
pr33870.c:78:7 punctuator .
pr33870.c:78:8 identifier pDirty
pr33870.c:78:15 punctuator =
pr33870.c:78:17 punctuator &
pr33870.c:78:18 identifier a
pr33870.c:78:19 punctuator [
pr33870.c:78:20 constant 2
pr33870.c:78:21 punctuator ]
pr33870.c:78:22 punctuator ;
pr33870.c:79:3 identifier a
pr33870.c:79:4 punctuator [
pr33870.c:79:5 constant 2
pr33870.c:79:6 punctuator ]
pr33870.c:79:7 punctuator .
pr33870.c:79:8 identifier pgno
pr33870.c:79:13 punctuator =
pr33870.c:79:15 constant 1
pr33870.c:79:16 punctuator ;
pr33870.c:80:3 identifier a
pr33870.c:80:4 punctuator [
pr33870.c:80:5 constant 2
pr33870.c:80:6 punctuator ]
pr33870.c:80:7 punctuator .
pr33870.c:80:8 identifier pDirty
pr33870.c:80:15 punctuator =
pr33870.c:80:17 punctuator &
pr33870.c:80:18 identifier a
pr33870.c:80:19 punctuator [
pr33870.c:80:20 constant 3
pr33870.c:80:21 punctuator ]
pr33870.c:80:22 punctuator ;
pr33870.c:81:3 identifier a
pr33870.c:81:4 punctuator [
pr33870.c:81:5 constant 3
pr33870.c:81:6 punctuator ]
pr33870.c:81:7 punctuator .
pr33870.c:81:8 identifier pgno
pr33870.c:81:13 punctuator =
pr33870.c:81:15 constant 3
pr33870.c:81:16 punctuator ;
pr33870.c:82:3 identifier a
pr33870.c:82:4 punctuator [
pr33870.c:82:5 constant 3
pr33870.c:82:6 punctuator ]
pr33870.c:82:7 punctuator .
pr33870.c:82:8 identifier pDirty
pr33870.c:82:15 punctuator =
pr33870.c:82:17 constant 0
pr33870.c:82:18 punctuator ;
pr33870.c:83:3 identifier p
pr33870.c:83:5 punctuator =
pr33870.c:83:7 identifier sort_pagelist
pr33870.c:83:21 punctuator (
pr33870.c:83:22 punctuator &
pr33870.c:83:23 identifier a
pr33870.c:83:24 punctuator [
pr33870.c:83:25 constant 0
pr33870.c:83:26 punctuator ]
pr33870.c:83:27 punctuator )
pr33870.c:83:28 punctuator ;
pr33870.c:84:3 keyword if
pr33870.c:84:6 punctuator (
pr33870.c:84:7 identifier p
pr33870.c:84:8 punctuator ->
pr33870.c:84:10 identifier pDirty
pr33870.c:84:17 punctuator ==
pr33870.c:84:20 identifier p
pr33870.c:84:21 punctuator )
pr33870.c:85:5 identifier abort
pr33870.c:85:11 punctuator (
pr33870.c:85:12 punctuator )
pr33870.c:85:13 punctuator ;
pr33870.c:86:3 keyword return
pr33870.c:86:10 constant 0
pr33870.c:86:11 punctuator ;
pr33870.c:87:1 punctuator }
