0
20001222-1.c:2:1 keyword double
20001222-1.c:2:8 identifier __complex__
20001222-1.c:3:1 identifier f
20001222-1.c:3:3 punctuator (
20001222-1.c:3:4 keyword void
20001222-1.c:3:8 punctuator )
20001222-1.c:4:1 punctuator {
20001222-1.c:5:3 keyword return
20001222-1.c:5:10 punctuator ~
20001222-1.c:5:11 punctuator (
20001222-1.c:5:12 constant 1.0
20001222-1.c:5:16 punctuator +
20001222-1.c:5:18 constant 2.0i
20001222-1.c:5:22 punctuator )
20001222-1.c:5:23 punctuator ;
20001222-1.c:6:1 punctuator }
