0
pr31385.c:4:1 keyword typedef
pr31385.c:4:9 keyword float
pr31385.c:4:15 identifier fp_t
pr31385.c:4:20 identifier __attribute__
pr31385.c:4:33 punctuator (
pr31385.c:4:34 punctuator (
pr31385.c:4:35 identifier mode
pr31385.c:4:39 punctuator (
pr31385.c:4:40 identifier SD
pr31385.c:4:42 punctuator )
pr31385.c:4:43 punctuator )
pr31385.c:4:44 punctuator )
pr31385.c:4:45 punctuator ;
pr31385.c:6:1 keyword extern
pr31385.c:6:8 identifier fp_t
pr31385.c:6:13 identifier g
pr31385.c:6:14 punctuator (
pr31385.c:6:15 identifier fp_t
pr31385.c:6:19 punctuator )
pr31385.c:6:20 punctuator ;
pr31385.c:8:1 identifier fp_t
pr31385.c:9:1 identifier bug
pr31385.c:9:4 punctuator (
pr31385.c:9:5 identifier fp_t
pr31385.c:9:10 identifier x
pr31385.c:9:11 punctuator )
pr31385.c:10:1 punctuator {
pr31385.c:11:5 identifier fp_t
pr31385.c:11:10 identifier result
pr31385.c:11:16 punctuator ;
pr31385.c:12:5 keyword int
pr31385.c:12:9 identifier n
pr31385.c:12:10 punctuator ;
pr31385.c:13:5 identifier fp_t
pr31385.c:13:10 identifier f
pr31385.c:13:11 punctuator ,
pr31385.c:13:13 identifier f3
pr31385.c:13:15 punctuator ,
pr31385.c:13:17 identifier y
pr31385.c:13:18 punctuator ,
pr31385.c:13:20 identifier z
pr31385.c:13:21 punctuator ;
pr31385.c:15:5 identifier n
pr31385.c:15:7 punctuator =
pr31385.c:15:9 constant 0
pr31385.c:15:10 punctuator ;
pr31385.c:16:5 identifier y
pr31385.c:16:7 punctuator =
pr31385.c:16:9 constant 1.DF
pr31385.c:16:13 punctuator ;
pr31385.c:17:5 identifier f
pr31385.c:17:7 punctuator =
pr31385.c:17:9 identifier g
pr31385.c:17:10 punctuator (
pr31385.c:17:11 identifier x
pr31385.c:17:12 punctuator )
pr31385.c:17:13 punctuator ;
pr31385.c:19:5 keyword if
pr31385.c:19:8 punctuator (
pr31385.c:19:9 identifier f
pr31385.c:19:11 punctuator <
pr31385.c:19:13 constant 0.DF
pr31385.c:19:17 punctuator )
pr31385.c:20:9 identifier f
pr31385.c:20:11 punctuator =
pr31385.c:20:13 punctuator -
pr31385.c:20:14 identifier f
pr31385.c:20:15 punctuator ;
pr31385.c:22:5 identifier f3
pr31385.c:22:8 punctuator =
pr31385.c:22:10 constant 2.DF
pr31385.c:22:14 punctuator ;
pr31385.c:24:5 identifier z
pr31385.c:24:7 punctuator =
pr31385.c:24:9 punctuator (
pr31385.c:24:10 identifier y
pr31385.c:24:12 punctuator +
pr31385.c:24:14 identifier y
pr31385.c:24:16 punctuator +
pr31385.c:24:18 identifier f
pr31385.c:24:20 punctuator /
pr31385.c:24:22 punctuator (
pr31385.c:24:23 identifier y
pr31385.c:24:25 punctuator *
pr31385.c:24:27 identifier y
pr31385.c:24:28 punctuator )
pr31385.c:24:29 punctuator )
pr31385.c:24:30 punctuator ;
pr31385.c:25:5 identifier y
pr31385.c:25:7 punctuator =
pr31385.c:25:9 punctuator (
pr31385.c:25:10 identifier z
pr31385.c:25:12 punctuator +
pr31385.c:25:14 identifier z
pr31385.c:25:15 punctuator )
pr31385.c:25:17 punctuator /
pr31385.c:25:19 punctuator (
pr31385.c:25:20 constant 9.DF
pr31385.c:25:24 punctuator )
pr31385.c:25:26 punctuator +
pr31385.c:25:28 identifier f3
pr31385.c:25:31 punctuator /
pr31385.c:25:33 punctuator (
pr31385.c:25:34 identifier z
pr31385.c:25:36 punctuator *
pr31385.c:25:38 identifier z
pr31385.c:25:39 punctuator )
pr31385.c:25:40 punctuator ;
pr31385.c:27:5 identifier result
pr31385.c:27:12 punctuator =
pr31385.c:27:14 identifier y
pr31385.c:27:15 punctuator ;
pr31385.c:29:5 keyword return
pr31385.c:29:12 punctuator (
pr31385.c:29:13 identifier result
pr31385.c:29:19 punctuator )
pr31385.c:29:20 punctuator ;
pr31385.c:30:1 punctuator }
