0
20031220-2.c:7:1 keyword float
20031220-2.c:7:7 identifier fabsf
20031220-2.c:7:13 punctuator (
20031220-2.c:7:14 keyword float
20031220-2.c:7:19 punctuator )
20031220-2.c:7:20 punctuator ;
20031220-2.c:8:1 keyword typedef
20031220-2.c:8:9 keyword int
20031220-2.c:8:13 identifier __int32_t
20031220-2.c:8:22 punctuator ;
20031220-2.c:9:1 keyword typedef
20031220-2.c:9:9 keyword unsigned
20031220-2.c:9:18 keyword int
20031220-2.c:9:22 identifier __uint32_t
20031220-2.c:9:32 punctuator ;
20031220-2.c:10:1 keyword typedef
20031220-2.c:10:9 keyword union
20031220-2.c:11:1 punctuator {
20031220-2.c:12:3 keyword float
20031220-2.c:12:9 identifier value
20031220-2.c:12:14 punctuator ;
20031220-2.c:13:3 identifier __uint32_t
20031220-2.c:13:14 identifier word
20031220-2.c:13:18 punctuator ;
20031220-2.c:14:1 punctuator }
20031220-2.c:14:3 identifier ieee_float_shape_type
20031220-2.c:14:24 punctuator ;
20031220-2.c:15:1 keyword extern
20031220-2.c:15:8 keyword float
20031220-2.c:15:14 identifier __ieee754_expf
20031220-2.c:15:29 punctuator (
20031220-2.c:15:30 keyword float
20031220-2.c:15:35 punctuator )
20031220-2.c:15:36 punctuator ;
20031220-2.c:16:1 keyword extern
20031220-2.c:16:8 keyword float
20031220-2.c:16:14 identifier __ieee754_sinhf
20031220-2.c:16:30 punctuator (
20031220-2.c:16:31 keyword float
20031220-2.c:16:36 punctuator )
20031220-2.c:16:37 punctuator ;
20031220-2.c:17:1 keyword static
20031220-2.c:17:8 keyword const
20031220-2.c:17:14 keyword float
20031220-2.c:17:20 identifier one
20031220-2.c:17:24 punctuator =
20031220-2.c:17:26 constant 1.0
20031220-2.c:17:29 punctuator ,
20031220-2.c:17:31 identifier shuge
20031220-2.c:17:37 punctuator =
20031220-2.c:17:39 constant 1.0e37
20031220-2.c:17:45 punctuator ;
20031220-2.c:18:1 keyword float
20031220-2.c:19:1 identifier __ieee754_sinhf
20031220-2.c:19:16 punctuator (
20031220-2.c:19:17 keyword float
20031220-2.c:19:23 identifier x
20031220-2.c:19:24 punctuator )
20031220-2.c:20:1 punctuator {
20031220-2.c:21:9 keyword float
20031220-2.c:21:15 identifier t
20031220-2.c:21:16 punctuator ,
20031220-2.c:21:17 identifier w
20031220-2.c:21:18 punctuator ,
20031220-2.c:21:19 identifier h
20031220-2.c:21:20 punctuator ;
20031220-2.c:22:9 identifier __int32_t
20031220-2.c:22:19 identifier ix
20031220-2.c:22:21 punctuator ,
20031220-2.c:22:22 identifier jx
20031220-2.c:22:24 punctuator ;
20031220-2.c:23:9 keyword do
20031220-2.c:23:12 punctuator {
20031220-2.c:23:14 identifier ieee_float_shape_type
20031220-2.c:23:36 identifier gf_u
20031220-2.c:23:40 punctuator ;
20031220-2.c:23:42 identifier gf_u
20031220-2.c:23:46 punctuator .
20031220-2.c:23:47 identifier value
20031220-2.c:23:53 punctuator =
20031220-2.c:23:55 punctuator (
20031220-2.c:23:56 identifier x
20031220-2.c:23:57 punctuator )
20031220-2.c:23:58 punctuator ;
20031220-2.c:23:60 punctuator (
20031220-2.c:23:61 identifier jx
20031220-2.c:23:63 punctuator )
20031220-2.c:23:65 punctuator =
20031220-2.c:23:67 identifier gf_u
20031220-2.c:23:71 punctuator .
20031220-2.c:23:72 identifier word
20031220-2.c:23:76 punctuator ;
20031220-2.c:23:78 punctuator }
20031220-2.c:23:80 keyword while
20031220-2.c:23:86 punctuator (
20031220-2.c:23:87 constant 0
20031220-2.c:23:88 punctuator )
20031220-2.c:23:89 punctuator ;
20031220-2.c:24:9 identifier ix
20031220-2.c:24:12 punctuator =
20031220-2.c:24:14 identifier jx
20031220-2.c:24:16 punctuator &
20031220-2.c:24:17 constant 0x7fffffff
20031220-2.c:24:27 punctuator ;
20031220-2.c:25:9 keyword if
20031220-2.c:25:11 punctuator (
20031220-2.c:25:12 identifier ix
20031220-2.c:25:14 punctuator >=
20031220-2.c:25:16 constant 0x7f800000
20031220-2.c:25:26 punctuator )
20031220-2.c:25:28 keyword return
20031220-2.c:25:35 identifier x
20031220-2.c:25:36 punctuator +
20031220-2.c:25:37 identifier x
20031220-2.c:25:38 punctuator ;
20031220-2.c:26:9 identifier h
20031220-2.c:26:11 punctuator =
20031220-2.c:26:13 constant 0.5
20031220-2.c:26:16 punctuator ;
20031220-2.c:27:9 keyword if
20031220-2.c:27:12 punctuator (
20031220-2.c:27:13 identifier jx
20031220-2.c:27:15 punctuator <
20031220-2.c:27:16 constant 0
20031220-2.c:27:17 punctuator )
20031220-2.c:27:19 identifier h
20031220-2.c:27:21 punctuator =
20031220-2.c:27:23 punctuator -
20031220-2.c:27:24 identifier h
20031220-2.c:27:25 punctuator ;
20031220-2.c:28:9 keyword if
20031220-2.c:28:12 punctuator (
20031220-2.c:28:13 identifier ix
20031220-2.c:28:16 punctuator <
20031220-2.c:28:18 constant 0x41b00000
20031220-2.c:28:28 punctuator )
20031220-2.c:28:30 punctuator {
20031220-2.c:29:13 keyword if
20031220-2.c:29:16 punctuator (
20031220-2.c:29:17 identifier ix
20031220-2.c:29:19 punctuator <
20031220-2.c:29:20 constant 0x31800000
20031220-2.c:29:30 punctuator )
20031220-2.c:30:17 keyword if
20031220-2.c:30:19 punctuator (
20031220-2.c:30:20 identifier shuge
20031220-2.c:30:25 punctuator +
20031220-2.c:30:26 identifier x
20031220-2.c:30:27 punctuator >
20031220-2.c:30:28 identifier one
20031220-2.c:30:31 punctuator )
20031220-2.c:30:33 keyword return
20031220-2.c:30:40 identifier x
20031220-2.c:30:41 punctuator ;
20031220-2.c:31:13 identifier t
20031220-2.c:31:15 punctuator =
20031220-2.c:31:17 identifier expm1f
20031220-2.c:31:23 punctuator (
20031220-2.c:31:24 identifier fabsf
20031220-2.c:31:29 punctuator (
20031220-2.c:31:30 identifier x
20031220-2.c:31:31 punctuator )
20031220-2.c:31:32 punctuator )
20031220-2.c:31:33 punctuator ;
20031220-2.c:32:13 keyword if
20031220-2.c:32:15 punctuator (
20031220-2.c:32:16 identifier ix
20031220-2.c:32:18 punctuator <
20031220-2.c:32:19 constant 0x3f800000
20031220-2.c:32:29 punctuator )
20031220-2.c:32:31 keyword return
20031220-2.c:32:38 identifier h
20031220-2.c:32:39 punctuator *
20031220-2.c:32:40 punctuator (
20031220-2.c:32:41 punctuator (
20031220-2.c:32:42 keyword float
20031220-2.c:32:47 punctuator )
20031220-2.c:32:48 constant 2.0
20031220-2.c:32:51 punctuator *
20031220-2.c:32:52 identifier t
20031220-2.c:32:53 punctuator -
20031220-2.c:32:54 identifier t
20031220-2.c:32:55 punctuator *
20031220-2.c:32:56 identifier t
20031220-2.c:32:57 punctuator /
20031220-2.c:32:58 punctuator (
20031220-2.c:32:59 identifier t
20031220-2.c:32:60 punctuator +
20031220-2.c:32:61 identifier one
20031220-2.c:32:64 punctuator )
20031220-2.c:32:65 punctuator )
20031220-2.c:32:66 punctuator ;
20031220-2.c:33:13 keyword return
20031220-2.c:33:20 identifier h
20031220-2.c:33:21 punctuator *
20031220-2.c:33:22 punctuator (
20031220-2.c:33:23 identifier t
20031220-2.c:33:24 punctuator +
20031220-2.c:33:25 identifier t
20031220-2.c:33:26 punctuator /
20031220-2.c:33:27 punctuator (
20031220-2.c:33:28 identifier t
20031220-2.c:33:29 punctuator +
20031220-2.c:33:30 identifier one
20031220-2.c:33:33 punctuator )
20031220-2.c:33:34 punctuator )
20031220-2.c:33:35 punctuator ;
20031220-2.c:34:9 punctuator }
20031220-2.c:35:9 keyword if
20031220-2.c:35:12 punctuator (
20031220-2.c:35:13 identifier ix
20031220-2.c:35:16 punctuator <
20031220-2.c:35:18 constant 0x42b17180
20031220-2.c:35:28 punctuator )
20031220-2.c:35:30 keyword return
20031220-2.c:35:37 identifier h
20031220-2.c:35:38 punctuator *
20031220-2.c:35:39 identifier __ieee754_expf
20031220-2.c:35:53 punctuator (
20031220-2.c:35:54 identifier fabsf
20031220-2.c:35:59 punctuator (
20031220-2.c:35:60 identifier x
20031220-2.c:35:61 punctuator )
20031220-2.c:35:62 punctuator )
20031220-2.c:35:63 punctuator ;
20031220-2.c:36:9 keyword if
20031220-2.c:36:12 punctuator (
20031220-2.c:36:13 identifier ix
20031220-2.c:36:15 punctuator <=
20031220-2.c:36:17 constant 0x42b2d4fc
20031220-2.c:36:27 punctuator )
20031220-2.c:36:29 punctuator {
20031220-2.c:37:13 identifier w
20031220-2.c:37:15 punctuator =
20031220-2.c:37:17 identifier __ieee754_expf
20031220-2.c:37:31 punctuator (
20031220-2.c:37:32 punctuator (
20031220-2.c:37:33 keyword float
20031220-2.c:37:38 punctuator )
20031220-2.c:37:39 constant 0.5
20031220-2.c:37:42 punctuator *
20031220-2.c:37:43 identifier fabsf
20031220-2.c:37:48 punctuator (
20031220-2.c:37:49 identifier x
20031220-2.c:37:50 punctuator )
20031220-2.c:37:51 punctuator )
20031220-2.c:37:52 punctuator ;
20031220-2.c:38:13 identifier t
20031220-2.c:38:15 punctuator =
20031220-2.c:38:17 identifier h
20031220-2.c:38:18 punctuator *
20031220-2.c:38:19 identifier w
20031220-2.c:38:20 punctuator ;
20031220-2.c:39:13 keyword return
20031220-2.c:39:20 identifier t
20031220-2.c:39:21 punctuator *
20031220-2.c:39:22 identifier w
20031220-2.c:39:23 punctuator ;
20031220-2.c:40:9 punctuator }
20031220-2.c:41:9 keyword return
20031220-2.c:41:16 identifier x
20031220-2.c:41:17 punctuator *
20031220-2.c:41:18 identifier shuge
20031220-2.c:41:23 punctuator ;
20031220-2.c:42:1 punctuator }
