0
builtin_unreachable-1.c:1:1 keyword void
builtin_unreachable-1.c:1:6 identifier bar
builtin_unreachable-1.c:1:10 punctuator (
builtin_unreachable-1.c:1:11 keyword const
builtin_unreachable-1.c:1:17 keyword char
builtin_unreachable-1.c:1:22 punctuator *
builtin_unreachable-1.c:1:23 punctuator )
builtin_unreachable-1.c:1:24 punctuator ;
builtin_unreachable-1.c:2:1 keyword void
builtin_unreachable-1.c:2:6 identifier foo
builtin_unreachable-1.c:2:10 punctuator (
builtin_unreachable-1.c:2:11 keyword void
builtin_unreachable-1.c:2:15 punctuator )
builtin_unreachable-1.c:3:1 punctuator {
builtin_unreachable-1.c:4:3 identifier bar
builtin_unreachable-1.c:4:7 punctuator (
builtin_unreachable-1.c:4:8 string-literal "foo"
builtin_unreachable-1.c:4:13 punctuator )
builtin_unreachable-1.c:4:14 punctuator ;
builtin_unreachable-1.c:5:3 identifier __builtin_unreachable
builtin_unreachable-1.c:5:25 punctuator (
builtin_unreachable-1.c:5:26 punctuator )
builtin_unreachable-1.c:5:27 punctuator ;
builtin_unreachable-1.c:6:1 punctuator }
