0
xgcc: warning: builtin_constant_p.expected: linker input file unused because linking not done
