0
limits-idexternal.c:1:1 keyword int
limits-idexternal.c:1:5 identifier vLIM5a
limits-idexternal.c:1:11 punctuator ;
limits-idexternal.c:2:1 keyword int
limits-idexternal.c:2:5 identifier vLIM5b
limits-idexternal.c:2:11 punctuator ;
