0
pr17529.c:2:1 keyword static
pr17529.c:2:8 keyword inline
pr17529.c:2:15 keyword void
pr17529.c:3:1 identifier bar
pr17529.c:3:5 punctuator (
pr17529.c:3:6 keyword const
pr17529.c:3:12 keyword int
pr17529.c:3:16 punctuator *
pr17529.c:3:18 keyword const
pr17529.c:3:24 identifier x
pr17529.c:3:25 punctuator )
pr17529.c:4:1 punctuator {
pr17529.c:5:3 identifier __asm__
pr17529.c:5:11 identifier __volatile__
pr17529.c:5:24 punctuator (
pr17529.c:5:25 string-literal ""
pr17529.c:5:27 punctuator :
pr17529.c:5:28 punctuator :
pr17529.c:5:29 string-literal "m"
pr17529.c:5:33 punctuator (
pr17529.c:5:34 punctuator *
pr17529.c:5:35 identifier x
pr17529.c:5:36 punctuator )
pr17529.c:5:37 punctuator )
pr17529.c:5:38 punctuator ;
pr17529.c:6:1 punctuator }
pr17529.c:8:1 keyword static
pr17529.c:8:8 keyword const
pr17529.c:8:14 keyword int
pr17529.c:8:18 identifier y
pr17529.c:8:19 punctuator [
pr17529.c:8:20 constant 1
pr17529.c:8:21 punctuator ]
pr17529.c:8:22 punctuator ;
pr17529.c:10:1 keyword void
pr17529.c:11:1 identifier foo
pr17529.c:11:5 punctuator (
pr17529.c:11:6 keyword void
pr17529.c:11:10 punctuator )
pr17529.c:12:1 punctuator {
pr17529.c:13:3 identifier bar
pr17529.c:13:7 punctuator (
pr17529.c:13:8 identifier y
pr17529.c:13:9 punctuator )
pr17529.c:13:10 punctuator ;
pr17529.c:14:1 punctuator }
