0
pr49735.c:2:1 keyword void
pr49735.c:2:6 identifier bar
pr49735.c:2:10 punctuator (
pr49735.c:2:11 keyword void
pr49735.c:2:15 punctuator )
pr49735.c:2:16 punctuator ;
pr49735.c:3:1 keyword static
pr49735.c:3:8 keyword void
pr49735.c:3:13 identifier foo
pr49735.c:3:17 punctuator (
pr49735.c:3:18 keyword void
pr49735.c:3:22 punctuator )
pr49735.c:3:24 punctuator {
pr49735.c:3:26 identifier bar
pr49735.c:3:30 punctuator (
pr49735.c:3:31 punctuator )
pr49735.c:3:32 punctuator ;
pr49735.c:3:34 punctuator }
pr49735.c:4:1 keyword void
pr49735.c:4:6 identifier bar
pr49735.c:4:10 punctuator (
pr49735.c:4:11 keyword void
pr49735.c:4:15 punctuator )
pr49735.c:4:17 identifier __attribute__
pr49735.c:4:30 punctuator (
pr49735.c:4:31 punctuator (
pr49735.c:4:32 identifier alias
pr49735.c:4:37 punctuator (
pr49735.c:4:38 string-literal "foo"
pr49735.c:4:43 punctuator )
pr49735.c:4:44 punctuator )
pr49735.c:4:45 punctuator )
pr49735.c:4:46 punctuator ;
